Component: ARM Compiler 6.16 Tool: armlink [5dfeaa00]

==============================================================================

Section Cross References

    startup_stm32f030x6.o(RESET) refers to startup_stm32f030x6.o(STACK) for __initial_sp
    startup_stm32f030x6.o(RESET) refers to startup_stm32f030x6.o(.text) for Reset_Handler
    startup_stm32f030x6.o(RESET) refers to stm32f0xx_it.o(.text.NMI_Handler) for NMI_Handler
    startup_stm32f030x6.o(RESET) refers to stm32f0xx_it.o(.text.HardFault_Handler) for HardFault_Handler
    startup_stm32f030x6.o(RESET) refers to stm32f0xx_it.o(.text.SVC_Handler) for SVC_Handler
    startup_stm32f030x6.o(RESET) refers to stm32f0xx_it.o(.text.PendSV_Handler) for PendSV_Handler
    startup_stm32f030x6.o(RESET) refers to stm32f0xx_it.o(.text.SysTick_Handler) for SysTick_Handler
    startup_stm32f030x6.o(RESET) refers to stm32f0xx_it.o(.text.DMA1_Channel1_IRQHandler) for DMA1_Channel1_IRQHandler
    startup_stm32f030x6.o(RESET) refers to stm32f0xx_it.o(.text.ADC1_IRQHandler) for ADC1_IRQHandler
    startup_stm32f030x6.o(RESET) refers to stm32f0xx_it.o(.text.TIM14_IRQHandler) for TIM14_IRQHandler
    startup_stm32f030x6.o(RESET) refers to stm32f0xx_it.o(.text.I2C1_IRQHandler) for I2C1_IRQHandler
    startup_stm32f030x6.o(.text) refers to system_stm32f0xx.o(.text.SystemInit) for SystemInit
    startup_stm32f030x6.o(.text) refers to __main.o(!!!main) for __main
    main.o(.text.main) refers to stm32f0xx_hal_rcc.o(.text.HAL_RCC_DeInit) for HAL_RCC_DeInit
    main.o(.text.main) refers to stm32f0xx_hal.o(.text.HAL_Init) for HAL_Init
    main.o(.text.main) refers to main.o(.text.SystemClock_Config) for SystemClock_Config
    main.o(.text.main) refers to gpio.o(.text.MX_GPIO_Init) for MX_GPIO_Init
    main.o(.text.main) refers to dma.o(.text.MX_DMA_Init) for MX_DMA_Init
    main.o(.text.main) refers to adc.o(.text.MX_ADC_Init) for MX_ADC_Init
    main.o(.text.main) refers to i2c.o(.text.MX_I2C1_Init) for MX_I2C1_Init
    main.o(.text.main) refers to tim.o(.text.MX_TIM3_Init) for MX_TIM3_Init
    main.o(.text.main) refers to tim.o(.text.MX_TIM14_Init) for MX_TIM14_Init
    main.o(.text.main) refers to main_1.o(.text.Main) for Main
    main.o(.ARM.exidx.text.main) refers to main.o(.text.main) for [Anonymous Symbol]
    main.o(.text.SystemClock_Config) refers to rt_memclr.o(.text) for __aeabi_memclr4
    main.o(.text.SystemClock_Config) refers to stm32f0xx_hal_rcc.o(.text.HAL_RCC_OscConfig) for HAL_RCC_OscConfig
    main.o(.text.SystemClock_Config) refers to stm32f0xx_hal_rcc.o(.text.HAL_RCC_ClockConfig) for HAL_RCC_ClockConfig
    main.o(.text.SystemClock_Config) refers to stm32f0xx_hal_rcc_ex.o(.text.HAL_RCCEx_PeriphCLKConfig) for HAL_RCCEx_PeriphCLKConfig
    main.o(.ARM.exidx.text.SystemClock_Config) refers to main.o(.text.SystemClock_Config) for [Anonymous Symbol]
    main.o(.ARM.exidx.text.Error_Handler) refers to main.o(.text.Error_Handler) for [Anonymous Symbol]
    gpio.o(.ARM.exidx.text.MX_GPIO_Init) refers to gpio.o(.text.MX_GPIO_Init) for [Anonymous Symbol]
    adc.o(.text.MX_ADC_Init) refers to stm32f0xx_hal_adc.o(.text.HAL_ADC_Init) for HAL_ADC_Init
    adc.o(.text.MX_ADC_Init) refers to main.o(.text.Error_Handler) for Error_Handler
    adc.o(.text.MX_ADC_Init) refers to stm32f0xx_hal_adc.o(.text.HAL_ADC_ConfigChannel) for HAL_ADC_ConfigChannel
    adc.o(.text.MX_ADC_Init) refers to adc.o(.bss.hadc) for hadc
    adc.o(.ARM.exidx.text.MX_ADC_Init) refers to adc.o(.text.MX_ADC_Init) for [Anonymous Symbol]
    adc.o(.text.HAL_ADC_MspInit) refers to stm32f0xx_hal_gpio.o(.text.HAL_GPIO_Init) for HAL_GPIO_Init
    adc.o(.text.HAL_ADC_MspInit) refers to stm32f0xx_hal_dma.o(.text.HAL_DMA_Init) for HAL_DMA_Init
    adc.o(.text.HAL_ADC_MspInit) refers to main.o(.text.Error_Handler) for Error_Handler
    adc.o(.text.HAL_ADC_MspInit) refers to stm32f0xx_hal_cortex.o(.text.HAL_NVIC_SetPriority) for HAL_NVIC_SetPriority
    adc.o(.text.HAL_ADC_MspInit) refers to stm32f0xx_hal_cortex.o(.text.HAL_NVIC_EnableIRQ) for HAL_NVIC_EnableIRQ
    adc.o(.text.HAL_ADC_MspInit) refers to adc.o(.bss.hdma_adc) for hdma_adc
    adc.o(.ARM.exidx.text.HAL_ADC_MspInit) refers to adc.o(.text.HAL_ADC_MspInit) for [Anonymous Symbol]
    adc.o(.text.HAL_ADC_MspDeInit) refers to stm32f0xx_hal_gpio.o(.text.HAL_GPIO_DeInit) for HAL_GPIO_DeInit
    adc.o(.text.HAL_ADC_MspDeInit) refers to stm32f0xx_hal_dma.o(.text.HAL_DMA_DeInit) for HAL_DMA_DeInit
    adc.o(.text.HAL_ADC_MspDeInit) refers to stm32f0xx_hal_cortex.o(.text.HAL_NVIC_DisableIRQ) for HAL_NVIC_DisableIRQ
    adc.o(.ARM.exidx.text.HAL_ADC_MspDeInit) refers to adc.o(.text.HAL_ADC_MspDeInit) for [Anonymous Symbol]
    dma.o(.text.MX_DMA_Init) refers to stm32f0xx_hal_cortex.o(.text.HAL_NVIC_SetPriority) for HAL_NVIC_SetPriority
    dma.o(.text.MX_DMA_Init) refers to stm32f0xx_hal_cortex.o(.text.HAL_NVIC_EnableIRQ) for HAL_NVIC_EnableIRQ
    dma.o(.ARM.exidx.text.MX_DMA_Init) refers to dma.o(.text.MX_DMA_Init) for [Anonymous Symbol]
[...]
    ADC_DMAConvCplt                          0x080006b9   Thumb Code   104  stm32f0xx_hal_adc.o(.text.ADC_DMAConvCplt)
    [Anonymous Symbol]                       0x080006b8   Section        0  stm32f0xx_hal_adc.o(.text.ADC_DMAConvCplt)
    ADC_DMAError                             0x08000721   Thumb Code    26  stm32f0xx_hal_adc.o(.text.ADC_DMAError)
    [Anonymous Symbol]                       0x08000720   Section        0  stm32f0xx_hal_adc.o(.text.ADC_DMAError)
    ADC_DMAHalfConvCplt                      0x0800073b   Thumb Code    10  stm32f0xx_hal_adc.o(.text.ADC_DMAHalfConvCplt)
    [Anonymous Symbol]                       0x0800073a   Section        0  stm32f0xx_hal_adc.o(.text.ADC_DMAHalfConvCplt)
    ADC_Enable                               0x08000745   Thumb Code   144  stm32f0xx_hal_adc.o(.text.ADC_Enable)
    [Anonymous Symbol]                       0x08000744   Section        0  stm32f0xx_hal_adc.o(.text.ADC_Enable)
    __arm_cp.7_0                             0x080007d4   Number         4  stm32f0xx_hal_adc.o(.text.ADC_Enable)
    [Anonymous Symbol]                       0x080007d8   Section        0  stm32f0xx_it.o(.text.DMA1_Channel1_IRQHandler)
    __arm_cp.5_0                             0x080007e4   Number         4  stm32f0xx_it.o(.text.DMA1_Channel1_IRQHandler)
    [Anonymous Symbol]                       0x080007e8   Section        0  main.o(.text.Error_Handler)
    FLASH_SetErrorCode                       0x080007f1   Thumb Code    52  stm32f0xx_hal_flash.o(.text.FLASH_SetErrorCode)
    [Anonymous Symbol]                       0x080007f0   Section        0  stm32f0xx_hal_flash.o(.text.FLASH_SetErrorCode)
    __arm_cp.4_1                             0x08000824   Number         4  stm32f0xx_hal_flash.o(.text.FLASH_SetErrorCode)
    [Anonymous Symbol]                       0x08000828   Section        0  stm32f0xx_hal_flash.o(.text.FLASH_WaitForLastOperation)
    __arm_cp.1_0                             0x08000888   Number         4  stm32f0xx_hal_flash.o(.text.FLASH_WaitForLastOperation)
    [Anonymous Symbol]                       0x0800088c   Section        0  stm32f0xx_hal_adc.o(.text.HAL_ADC_ConfigChannel)
    __arm_cp.24_0                            0x08000978   Number         4  stm32f0xx_hal_adc.o(.text.HAL_ADC_ConfigChannel)
    __arm_cp.24_1                            0x0800097c   Number         4  stm32f0xx_hal_adc.o(.text.HAL_ADC_ConfigChannel)
    __arm_cp.24_2                            0x08000980   Number         4  stm32f0xx_hal_adc.o(.text.HAL_ADC_ConfigChannel)
    __arm_cp.24_3                            0x08000984   Number         4  stm32f0xx_hal_adc.o(.text.HAL_ADC_ConfigChannel)
    __arm_cp.24_4                            0x08000988   Number         4  stm32f0xx_hal_adc.o(.text.HAL_ADC_ConfigChannel)
    __arm_cp.24_5                            0x0800098c   Number         4  stm32f0xx_hal_adc.o(.text.HAL_ADC_ConfigChannel)
    [Anonymous Symbol]                       0x08000990   Section        0  main_1.o(.text.HAL_ADC_ConvCpltCallback)
    [Anonymous Symbol]                       0x08000992   Section        0  stm32f0xx_hal_adc.o(.text.HAL_ADC_ConvHalfCpltCallback)
    [Anonymous Symbol]                       0x08000994   Section        0  stm32f0xx_hal_adc.o(.text.HAL_ADC_ErrorCallback)
    [Anonymous Symbol]                       0x08000996   Section        0  stm32f0xx_hal_adc.o(.text.HAL_ADC_IRQHandler)
    [Anonymous Symbol]                       0x08000a64   Section        0  stm32f0xx_hal_adc.o(.text.HAL_ADC_Init)
    __arm_cp.0_0                             0x08000bac   Number         4  stm32f0xx_hal_adc.o(.text.HAL_ADC_Init)
    __arm_cp.0_1                             0x08000bb0   Number         4  stm32f0xx_hal_adc.o(.text.HAL_ADC_Init)
    [Anonymous Symbol]                       0x08000bb4   Section        0  stm32f0xx_hal_adc.o(.text.HAL_ADC_LevelOutOfWindowCallback)
    [Anonymous Symbol]                       0x08000bb8   Section        0  adc.o(.text.HAL_ADC_MspInit)
    __arm_cp.1_0                             0x08000c48   Number         4  adc.o(.text.HAL_ADC_MspInit)
    __arm_cp.1_1                             0x08000c4c   Number         4  adc.o(.text.HAL_ADC_MspInit)
    __arm_cp.1_2                             0x08000c50   Number         4  adc.o(.text.HAL_ADC_MspInit)
    __arm_cp.1_3                             0x08000c54   Number         4  adc.o(.text.HAL_ADC_MspInit)
    [Anonymous Symbol]                       0x08000c58   Section        0  stm32f0xx_hal_adc.o(.text.HAL_ADC_Start_DMA)
    __arm_cp.13_0                            0x08000ce0   Number         4  stm32f0xx_hal_adc.o(.text.HAL_ADC_Start_DMA)
    __arm_cp.13_1                            0x08000ce4   Number         4  stm32f0xx_hal_adc.o(.text.HAL_ADC_Start_DMA)
    __arm_cp.13_2                            0x08000ce8   Number         4  stm32f0xx_hal_adc.o(.text.HAL_ADC_Start_DMA)
    __arm_cp.13_3                            0x08000cec   Number         4  stm32f0xx_hal_adc.o(.text.HAL_ADC_Start_DMA)
    [Anonymous Symbol]                       0x08000cf0   Section        0  stm32f0xx_hal_dma.o(.text.HAL_DMA_Abort_IT)
    [Anonymous Symbol]                       0x08000d34   Section        0  stm32f0xx_hal_dma.o(.text.HAL_DMA_GetState)
    [Anonymous Symbol]                       0x08000d3a   Section        0  stm32f0xx_hal_dma.o(.text.HAL_DMA_IRQHandler)
    [Anonymous Symbol]                       0x08000dd0   Section        0  stm32f0xx_hal_dma.o(.text.HAL_DMA_Init)
    __arm_cp.0_0                             0x08000e3c   Number         4  stm32f0xx_hal_dma.o(.text.HAL_DMA_Init)
    __arm_cp.0_1                             0x08000e40   Number         4  stm32f0xx_hal_dma.o(.text.HAL_DMA_Init)
    __arm_cp.0_2                             0x08000e44   Number         4  stm32f0xx_hal_dma.o(.text.HAL_DMA_Init)
    [Anonymous Symbol]                       0x08000e48   Section        0  stm32f0xx_hal_dma.o(.text.HAL_DMA_Start_IT)
    [Anonymous Symbol]                       0x08000ec8   Section        0  stm32f0xx_hal.o(.text.HAL_Delay)
    __arm_cp.10_0                            0x08000ee8   Number         4  stm32f0xx_hal.o(.text.HAL_Delay)
    [Anonymous Symbol]                       0x08000eec   Section        0  stm32f0xx_hal_flash_ex.o(.text.HAL_FLASHEx_Erase)
    [Anonymous Symbol]                       0x08000fac   Section        0  stm32f0xx_hal_flash.o(.text.HAL_FLASH_Lock)
    [Anonymous Symbol]                       0x08000fbc   Section        0  stm32f0xx_hal_flash.o(.text.HAL_FLASH_Program)
    __arm_cp.0_0                             0x0800103c   Number         4  stm32f0xx_hal_flash.o(.text.HAL_FLASH_Program)
    __arm_cp.0_1                             0x08001040   Number         4  stm32f0xx_hal_flash.o(.text.HAL_FLASH_Program)
    __arm_cp.0_2                             0x08001044   Number         4  stm32f0xx_hal_flash.o(.text.HAL_FLASH_Program)
    [Anonymous Symbol]                       0x08001048   Section        0  stm32f0xx_hal_flash.o(.text.HAL_FLASH_Unlock)
    __arm_cp.7_0                             0x08001064   Number         4  stm32f0xx_hal_flash.o(.text.HAL_FLASH_Unlock)
    __arm_cp.7_1                             0x08001068   Number         4  stm32f0xx_hal_flash.o(.text.HAL_FLASH_Unlock)
    __arm_cp.7_2                             0x0800106c   Number         4  stm32f0xx_hal_flash.o(.text.HAL_FLASH_Unlock)
    [Anonymous Symbol]                       0x08001070   Section        0  stm32f0xx_hal_gpio.o(.text.HAL_GPIO_Init)
    __arm_cp.0_0                             0x08001224   Number         4  stm32f0xx_hal_gpio.o(.text.HAL_GPIO_Init)
    __arm_cp.0_1                             0x08001228   Number         4  stm32f0xx_hal_gpio.o(.text.HAL_GPIO_Init)
    __arm_cp.0_2                             0x0800122c   Number         4  stm32f0xx_hal_gpio.o(.text.HAL_GPIO_Init)
    __arm_cp.0_3                             0x08001230   Number         4  stm32f0xx_hal_gpio.o(.text.HAL_GPIO_Init)
    __arm_cp.0_4                             0x08001234   Number         4  stm32f0xx_hal_gpio.o(.text.HAL_GPIO_Init)
    __arm_cp.0_5                             0x08001238   Number         4  stm32f0xx_hal_gpio.o(.text.HAL_GPIO_Init)
    [Anonymous Symbol]                       0x0800123c   Section        0  stm32f0xx_hal.o(.text.HAL_GetTick)
    __arm_cp.6_0                             0x08001244   Number         4  stm32f0xx_hal.o(.text.HAL_GetTick)
    [Anonymous Symbol]                       0x08001248   Section        0  stm32f0xx_hal_i2c_ex.o(.text.HAL_I2CEx_ConfigAnalogFilter)
    [Anonymous Symbol]                       0x0800128c   Section        0  stm32f0xx_hal_i2c_ex.o(.text.HAL_I2CEx_ConfigDigitalFilter)
    [Anonymous Symbol]                       0x080012d0   Section        0  stm32f0xx_hal_i2c.o(.text.HAL_I2C_AbortCpltCallback)
    [Anonymous Symbol]                       0x080012d2   Section        0  stm32f0xx_hal_i2c.o(.text.HAL_I2C_AddrCallback)
    [Anonymous Symbol]                       0x080012d4   Section        0  stm32f0xx_hal_i2c.o(.text.HAL_I2C_ER_IRQHandler)
    [Anonymous Symbol]                       0x0800132e   Section        0  stm32f0xx_hal_i2c.o(.text.HAL_I2C_EV_IRQHandler)
    [Anonymous Symbol]                       0x08001340   Section        0  stm32f0xx_hal_i2c.o(.text.HAL_I2C_ErrorCallback)
    [Anonymous Symbol]                       0x08001344   Section        0  stm32f0xx_hal_i2c.o(.text.HAL_I2C_Init)
    __arm_cp.0_0                             0x080013e0   Number         4  stm32f0xx_hal_i2c.o(.text.HAL_I2C_Init)
    __arm_cp.0_1                             0x080013e4   Number         4  stm32f0xx_hal_i2c.o(.text.HAL_I2C_Init)
    [Anonymous Symbol]                       0x080013e8   Section        0  stm32f0xx_hal_i2c.o(.text.HAL_I2C_ListenCpltCallback)
    [Anonymous Symbol]                       0x080013ec   Section        0  i2c.o(.text.HAL_I2C_MspInit)
    __arm_cp.1_0                             0x08001450   Number         4  i2c.o(.text.HAL_I2C_MspInit)
    __arm_cp.1_1                             0x08001454   Number         4  i2c.o(.text.HAL_I2C_MspInit)
    [Anonymous Symbol]                       0x08001458   Section        0  main_1.o(.text.HAL_I2C_SlaveRxCpltCallback)
    __arm_cp.4_0                             0x08001570   Number         4  main_1.o(.text.HAL_I2C_SlaveRxCpltCallback)
    __arm_cp.4_1                             0x08001574   Number         4  main_1.o(.text.HAL_I2C_SlaveRxCpltCallback)
    __arm_cp.4_2                             0x08001578   Number         4  main_1.o(.text.HAL_I2C_SlaveRxCpltCallback)
    __arm_cp.4_3                             0x0800157c   Number         4  main_1.o(.text.HAL_I2C_SlaveRxCpltCallback)
    __arm_cp.4_4                             0x08001580   Number         4  main_1.o(.text.HAL_I2C_SlaveRxCpltCallback)
    __arm_cp.4_5                             0x08001584   Number         4  main_1.o(.text.HAL_I2C_SlaveRxCpltCallback)
    [Anonymous Symbol]                       0x08001588   Section        0  stm32f0xx_hal_i2c.o(.text.HAL_I2C_SlaveTxCpltCallback)
    [Anonymous Symbol]                       0x0800158c   Section        0  stm32f0xx_hal_i2c.o(.text.HAL_I2C_Slave_Receive_IT)
    __arm_cp.17_0                            0x080015d8   Number         4  stm32f0xx_hal_i2c.o(.text.HAL_I2C_Slave_Receive_IT)
    __arm_cp.17_1                            0x080015dc   Number         4  stm32f0xx_hal_i2c.o(.text.HAL_I2C_Slave_Receive_IT)
    [Anonymous Symbol]                       0x080015e0   Section        0  stm32f0xx_hal_i2c.o(.text.HAL_I2C_Slave_Transmit)
    [Anonymous Symbol]                       0x08001738   Section        0  stm32f0xx_hal.o(.text.HAL_IncTick)
    __arm_cp.5_1                             0x08001748   Number         4  stm32f0xx_hal.o(.text.HAL_IncTick)
    [Anonymous Symbol]                       0x0800174c   Section        0  stm32f0xx_hal.o(.text.HAL_Init)
    [Anonymous Symbol]                       0x08001768   Section        0  stm32f0xx_hal.o(.text.HAL_InitTick)
    __arm_cp.1_0                             0x080017a4   Number         4  stm32f0xx_hal.o(.text.HAL_InitTick)
    [Anonymous Symbol]                       0x080017a8   Section        0  stm32f0xx_hal_msp.o(.text.HAL_MspInit)
    __arm_cp.0_0                             0x080017d0   Number         4  stm32f0xx_hal_msp.o(.text.HAL_MspInit)
    [Anonymous Symbol]                       0x080017d4   Section        0  stm32f0xx_hal_cortex.o(.text.HAL_NVIC_EnableIRQ)
    __arm_cp.1_0                             0x080017e8   Number         4  stm32f0xx_hal_cortex.o(.text.HAL_NVIC_EnableIRQ)
    [Anonymous Symbol]                       0x080017ec   Section        0  stm32f0xx_hal_cortex.o(.text.HAL_NVIC_SetPriority)
    __arm_cp.0_0                             0x08001824   Number         4  stm32f0xx_hal_cortex.o(.text.HAL_NVIC_SetPriority)
    __arm_cp.0_1                             0x08001828   Number         4  stm32f0xx_hal_cortex.o(.text.HAL_NVIC_SetPriority)
    [Anonymous Symbol]                       0x0800182c   Section        0  stm32f0xx_hal_cortex.o(.text.HAL_NVIC_SystemReset)
    __arm_cp.3_0                             0x08001840   Number         4  stm32f0xx_hal_cortex.o(.text.HAL_NVIC_SystemReset)
    __arm_cp.3_1                             0x08001844   Number         4  stm32f0xx_hal_cortex.o(.text.HAL_NVIC_SystemReset)
    [Anonymous Symbol]                       0x08001848   Section        0  stm32f0xx_hal_rcc_ex.o(.text.HAL_RCCEx_PeriphCLKConfig)
    __arm_cp.0_0                             0x08001934   Number         4  stm32f0xx_hal_rcc_ex.o(.text.HAL_RCCEx_PeriphCLKConfig)
    __arm_cp.0_1                             0x08001938   Number         4  stm32f0xx_hal_rcc_ex.o(.text.HAL_RCCEx_PeriphCLKConfig)
    __arm_cp.0_2                             0x0800193c   Number         4  stm32f0xx_hal_rcc_ex.o(.text.HAL_RCCEx_PeriphCLKConfig)
    [Anonymous Symbol]                       0x08001940   Section        0  stm32f0xx_hal_rcc.o(.text.HAL_RCC_ClockConfig)
    __arm_cp.2_0                             0x08001a3c   Number         4  stm32f0xx_hal_rcc.o(.text.HAL_RCC_ClockConfig)
    __arm_cp.2_3                             0x08001a40   Number         4  stm32f0xx_hal_rcc.o(.text.HAL_RCC_ClockConfig)
    [Anonymous Symbol]                       0x08001a44   Section        0  stm32f0xx_hal_rcc.o(.text.HAL_RCC_DeInit)
    __arm_cp.0_0                             0x08001adc   Number         4  stm32f0xx_hal_rcc.o(.text.HAL_RCC_DeInit)
    __arm_cp.0_1                             0x08001ae0   Number         4  stm32f0xx_hal_rcc.o(.text.HAL_RCC_DeInit)
    __arm_cp.0_2                             0x08001ae4   Number         4  stm32f0xx_hal_rcc.o(.text.HAL_RCC_DeInit)
    __arm_cp.0_3                             0x08001ae8   Number         4  stm32f0xx_hal_rcc.o(.text.HAL_RCC_DeInit)
    __arm_cp.0_5                             0x08001aec   Number         4  stm32f0xx_hal_rcc.o(.text.HAL_RCC_DeInit)
    __arm_cp.0_6                             0x08001af0   Number         4  stm32f0xx_hal_rcc.o(.text.HAL_RCC_DeInit)
    [Anonymous Symbol]                       0x08001af4   Section        0  stm32f0xx_hal_rcc.o(.text.HAL_RCC_GetSysClockFreq)
    __arm_cp.3_0                             0x08001b2c   Number         4  stm32f0xx_hal_rcc.o(.text.HAL_RCC_GetSysClockFreq)
    __arm_cp.3_1                             0x08001b30   Number         4  stm32f0xx_hal_rcc.o(.text.HAL_RCC_GetSysClockFreq)
    __arm_cp.3_4                             0x08001b54   Number         4  stm32f0xx_hal_rcc.o(.text.HAL_RCC_GetSysClockFreq)
    [Anonymous Symbol]                       0x08001b58   Section        0  stm32f0xx_hal_rcc.o(.text.HAL_RCC_OscConfig)
    __arm_cp.1_0                             0x08001f1c   Number         4  stm32f0xx_hal_rcc.o(.text.HAL_RCC_OscConfig)
    __arm_cp.1_1                             0x08001f20   Number         4  stm32f0xx_hal_rcc.o(.text.HAL_RCC_OscConfig)
    __arm_cp.1_2                             0x08001f24   Number         4  stm32f0xx_hal_rcc.o(.text.HAL_RCC_OscConfig)
    [Anonymous Symbol]                       0x08001f28   Section        0  stm32f0xx_hal_cortex.o(.text.HAL_SYSTICK_Config)
    __arm_cp.4_0                             0x08001f50   Number         4  stm32f0xx_hal_cortex.o(.text.HAL_SYSTICK_Config)
    __arm_cp.4_1                             0x08001f54   Number         4  stm32f0xx_hal_cortex.o(.text.HAL_SYSTICK_Config)
    __arm_cp.4_2                             0x08001f58   Number         4  stm32f0xx_hal_cortex.o(.text.HAL_SYSTICK_Config)
    [Anonymous Symbol]                       0x08001f5c   Section        0  stm32f0xx_hal_tim_ex.o(.text.HAL_TIMEx_BreakCallback)
    [Anonymous Symbol]                       0x08001f5e   Section        0  stm32f0xx_hal_tim_ex.o(.text.HAL_TIMEx_CommutCallback)
    [Anonymous Symbol]                       0x08001f60   Section        0  stm32f0xx_hal_tim_ex.o(.text.HAL_TIMEx_MasterConfigSynchronization)
    [Anonymous Symbol]                       0x08001fa8   Section        0  stm32f0xx_hal_tim.o(.text.HAL_TIM_Base_Init)
    [Anonymous Symbol]                       0x08001ff0   Section        0  tim.o(.text.HAL_TIM_Base_MspInit)
    __arm_cp.4_0                             0x08002028   Number         4  tim.o(.text.HAL_TIM_Base_MspInit)
    [Anonymous Symbol]                       0x0800202c   Section        0  stm32f0xx_hal_tim.o(.text.HAL_TIM_Base_Start_IT)
    __arm_cp.7_0                             0x08002074   Number         4  stm32f0xx_hal_tim.o(.text.HAL_TIM_Base_Start_IT)
    [Anonymous Symbol]                       0x08002078   Section        0  stm32f0xx_hal_tim.o(.text.HAL_TIM_IC_CaptureCallback)
    [Anonymous Symbol]                       0x0800207a   Section        0  stm32f0xx_hal_tim.o(.text.HAL_TIM_IRQHandler)
    [Anonymous Symbol]                       0x080021c4   Section        0  tim.o(.text.HAL_TIM_MspPostInit)
    __arm_cp.1_1                             0x08002204   Number         4  tim.o(.text.HAL_TIM_MspPostInit)
    [Anonymous Symbol]                       0x08002208   Section        0  stm32f0xx_hal_tim.o(.text.HAL_TIM_OC_DelayElapsedCallback)
    [Anonymous Symbol]                       0x0800220c   Section        0  stm32f0xx_hal_tim.o(.text.HAL_TIM_PWM_ConfigChannel)
    [Anonymous Symbol]                       0x080022cc   Section        0  stm32f0xx_hal_tim.o(.text.HAL_TIM_PWM_Init)
    [Anonymous Symbol]                       0x08002314   Section        0  tim.o(.text.HAL_TIM_PWM_MspInit)
    __arm_cp.3_0                             0x08002334   Number         4  tim.o(.text.HAL_TIM_PWM_MspInit)
    __arm_cp.3_1                             0x08002338   Number         4  tim.o(.text.HAL_TIM_PWM_MspInit)
    [Anonymous Symbol]                       0x0800233c   Section        0  stm32f0xx_hal_tim.o(.text.HAL_TIM_PWM_PulseFinishedCallback)
    [Anonymous Symbol]                       0x08002340   Section        0  stm32f0xx_hal_tim.o(.text.HAL_TIM_PWM_Start)
    __arm_cp.31_0                            0x080023e8   Number         4  stm32f0xx_hal_tim.o(.text.HAL_TIM_PWM_Start)
    __arm_cp.31_1                            0x080023ec   Number         4  stm32f0xx_hal_tim.o(.text.HAL_TIM_PWM_Start)
    __arm_cp.31_2                            0x080023f0   Number         4  stm32f0xx_hal_tim.o(.text.HAL_TIM_PWM_Start)
    __arm_cp.31_3                            0x080023f4   Number         4  stm32f0xx_hal_tim.o(.text.HAL_TIM_PWM_Start)
    __arm_cp.31_4                            0x080023f8   Number         4  stm32f0xx_hal_tim.o(.text.HAL_TIM_PWM_Start)
    [Anonymous Symbol]                       0x080023fc   Section        0  main_1.o(.text.HAL_TIM_PeriodElapsedCallback)
    [Anonymous Symbol]                       0x080023fe   Section        0  stm32f0xx_hal_tim.o(.text.HAL_TIM_TriggerCallback)
    [Anonymous Symbol]                       0x08002400   Section        0  stm32f0xx_it.o(.text.HardFault_Handler)
    [Anonymous Symbol]                       0x08002404   Section        0  stm32f0xx_it.o(.text.I2C1_IRQHandler)
    __arm_cp.8_0                             0x08002424   Number         4  stm32f0xx_it.o(.text.I2C1_IRQHandler)
    I2C_DMAAbort                             0x08002429   Thumb Code    30  stm32f0xx_hal_i2c.o(.text.I2C_DMAAbort)
    [Anonymous Symbol]                       0x08002428   Section        0  stm32f0xx_hal_i2c.o(.text.I2C_DMAAbort)
    I2C_ITAddrCplt                           0x08002449   Thumb Code   152  stm32f0xx_hal_i2c.o(.text.I2C_ITAddrCplt)
    [Anonymous Symbol]                       0x08002448   Section        0  stm32f0xx_hal_i2c.o(.text.I2C_ITAddrCplt)
    __arm_cp.71_0                            0x080024e0   Number         4  stm32f0xx_hal_i2c.o(.text.I2C_ITAddrCplt)
    I2C_ITError                              0x080024e5   Thumb Code   236  stm32f0xx_hal_i2c.o(.text.I2C_ITError)
    [Anonymous Symbol]                       0x080024e4   Section        0  stm32f0xx_hal_i2c.o(.text.I2C_ITError)
    __arm_cp.52_1                            0x080025d0   Number         4  stm32f0xx_hal_i2c.o(.text.I2C_ITError)
    __arm_cp.52_2                            0x080025d4   Number         4  stm32f0xx_hal_i2c.o(.text.I2C_ITError)
    I2C_ITListenCplt                         0x080025d9   Thumb Code    96  stm32f0xx_hal_i2c.o(.text.I2C_ITListenCplt)
    [Anonymous Symbol]                       0x080025d8   Section        0  stm32f0xx_hal_i2c.o(.text.I2C_ITListenCplt)
    I2C_ITSlaveCplt                          0x08002639   Thumb Code   300  stm32f0xx_hal_i2c.o(.text.I2C_ITSlaveCplt)
    [Anonymous Symbol]                       0x08002638   Section        0  stm32f0xx_hal_i2c.o(.text.I2C_ITSlaveCplt)
    __arm_cp.68_0                            0x08002764   Number         4  stm32f0xx_hal_i2c.o(.text.I2C_ITSlaveCplt)
    __arm_cp.68_2                            0x08002790   Number         4  stm32f0xx_hal_i2c.o(.text.I2C_ITSlaveCplt)
    __arm_cp.68_4                            0x08002794   Number         4  stm32f0xx_hal_i2c.o(.text.I2C_ITSlaveCplt)
    I2C_ITSlaveSeqCplt                       0x08002799   Thumb Code   124  stm32f0xx_hal_i2c.o(.text.I2C_ITSlaveSeqCplt)
    [Anonymous Symbol]                       0x08002798   Section        0  stm32f0xx_hal_i2c.o(.text.I2C_ITSlaveSeqCplt)
    __arm_cp.70_0                            0x08002814   Number         4  stm32f0xx_hal_i2c.o(.text.I2C_ITSlaveSeqCplt)
    __arm_cp.70_1                            0x08002818   Number         4  stm32f0xx_hal_i2c.o(.text.I2C_ITSlaveSeqCplt)
    I2C_IsAcknowledgeFailed                  0x0800281d   Thumb Code   148  stm32f0xx_hal_i2c.o(.text.I2C_IsAcknowledgeFailed)
    [Anonymous Symbol]                       0x0800281c   Section        0  stm32f0xx_hal_i2c.o(.text.I2C_IsAcknowledgeFailed)
    __arm_cp.73_0                            0x080028b0   Number         4  stm32f0xx_hal_i2c.o(.text.I2C_IsAcknowledgeFailed)
    I2C_Slave_ISR_IT                         0x080028b5   Thumb Code   288  stm32f0xx_hal_i2c.o(.text.I2C_Slave_ISR_IT)
    [Anonymous Symbol]                       0x080028b4   Section        0  stm32f0xx_hal_i2c.o(.text.I2C_Slave_ISR_IT)
    __arm_cp.16_0                            0x080029d4   Number         4  stm32f0xx_hal_i2c.o(.text.I2C_Slave_ISR_IT)
    __arm_cp.16_1                            0x080029d8   Number         4  stm32f0xx_hal_i2c.o(.text.I2C_Slave_ISR_IT)
    I2C_TreatErrorCallback                   0x080029dd   Thumb Code    42  stm32f0xx_hal_i2c.o(.text.I2C_TreatErrorCallback)
    [Anonymous Symbol]                       0x080029dc   Section        0  stm32f0xx_hal_i2c.o(.text.I2C_TreatErrorCallback)
    I2C_WaitOnFlagUntilTimeout               0x08002a07   Thumb Code   106  stm32f0xx_hal_i2c.o(.text.I2C_WaitOnFlagUntilTimeout)
    [Anonymous Symbol]                       0x08002a06   Section        0  stm32f0xx_hal_i2c.o(.text.I2C_WaitOnFlagUntilTimeout)
    I2C_WaitOnSTOPFlagUntilTimeout           0x08002a71   Thumb Code    80  stm32f0xx_hal_i2c.o(.text.I2C_WaitOnSTOPFlagUntilTimeout)
    [Anonymous Symbol]                       0x08002a70   Section        0  stm32f0xx_hal_i2c.o(.text.I2C_WaitOnSTOPFlagUntilTimeout)
    I2C_WaitOnTXISFlagUntilTimeout           0x08002ac1   Thumb Code    98  stm32f0xx_hal_i2c.o(.text.I2C_WaitOnTXISFlagUntilTimeout)
    [Anonymous Symbol]                       0x08002ac0   Section        0  stm32f0xx_hal_i2c.o(.text.I2C_WaitOnTXISFlagUntilTimeout)
    [Anonymous Symbol]                       0x08002b24   Section        0  adc.o(.text.MX_ADC_Init)
    __arm_cp.0_1                             0x08002b78   Number         4  adc.o(.text.MX_ADC_Init)
    [Anonymous Symbol]                       0x08002b7c   Section        0  dma.o(.text.MX_DMA_Init)
    [Anonymous Symbol]                       0x08002ba8   Section        0  gpio.o(.text.MX_GPIO_Init)
    __arm_cp.0_0                             0x08002bc4   Number         4  gpio.o(.text.MX_GPIO_Init)
    [Anonymous Symbol]                       0x08002bc8   Section        0  i2c.o(.text.MX_I2C1_Init)
    [Anonymous Symbol]                       0x08002c18   Section        0  tim.o(.text.MX_TIM14_Init)
    __arm_cp.2_1                             0x08002c40   Number         4  tim.o(.text.MX_TIM14_Init)
    [Anonymous Symbol]                       0x08002c44   Section        0  tim.o(.text.MX_TIM3_Init)
    __arm_cp.0_1                             0x08002cbc   Number         4  tim.o(.text.MX_TIM3_Init)
    [Anonymous Symbol]                       0x08002cc0   Section        0  i2c.o(.text.MY_I2C1_Init)
    __arm_cp.3_1                             0x08002d10   Number         4  i2c.o(.text.MY_I2C1_Init)
    __arm_cp.3_2                             0x08002d14   Number         4  i2c.o(.text.MY_I2C1_Init)
    [Anonymous Symbol]                       0x08002d18   Section        0  main_1.o(.text.Main)
    __arm_cp.0_0                             0x08002e88   Number         4  main_1.o(.text.Main)
    __arm_cp.0_1                             0x08002e8c   Number         4  main_1.o(.text.Main)
    __arm_cp.0_2                             0x08002e90   Number         4  main_1.o(.text.Main)
    __arm_cp.0_3                             0x08002e94   Number         4  main_1.o(.text.Main)
    __arm_cp.0_4                             0x08002e98   Number         4  main_1.o(.text.Main)
    __arm_cp.0_5                             0x08002e9c   Number         4  main_1.o(.text.Main)
    __arm_cp.0_6                             0x08002ea0   Number         4  main_1.o(.text.Main)
    __arm_cp.0_7                             0x08002ea4   Number         4  main_1.o(.text.Main)
    __arm_cp.0_8                             0x08002ea8   Number         4  main_1.o(.text.Main)
    __arm_cp.0_9                             0x08002eac   Number         4  main_1.o(.text.Main)
    __arm_cp.0_10                            0x08002eb0   Number         4  main_1.o(.text.Main)
    __arm_cp.0_11                            0x08002eb4   Number         4  main_1.o(.text.Main)
    __arm_cp.0_12                            0x08002eb8   Number         4  main_1.o(.text.Main)
    __arm_cp.0_13                            0x08002ebc   Number         4  main_1.o(.text.Main)
    [Anonymous Symbol]                       0x08002ec0   Section        0  stm32f0xx_it.o(.text.NMI_Handler)
    [Anonymous Symbol]                       0x08002ec2   Section        0  stm32f0xx_it.o(.text.PendSV_Handler)
    [Anonymous Symbol]                       0x08002ec4   Section        0  stm32f0xx_it.o(.text.SVC_Handler)
    [Anonymous Symbol]                       0x08002ec6   Section        0  stm32f0xx_it.o(.text.SysTick_Handler)
    [Anonymous Symbol]                       0x08002ece   Section        0  main.o(.text.SystemClock_Config)
    [Anonymous Symbol]                       0x08002f58   Section        0  system_stm32f0xx.o(.text.SystemInit)
    [Anonymous Symbol]                       0x08002f5c   Section        0  stm32f0xx_it.o(.text.TIM14_IRQHandler)
    __arm_cp.7_0                             0x08002f68   Number         4  stm32f0xx_it.o(.text.TIM14_IRQHandler)
    [Anonymous Symbol]                       0x08002f6c   Section        0  stm32f0xx_hal_tim.o(.text.TIM_Base_SetConfig)
    __arm_cp.2_1                             0x08002fe4   Number         4  stm32f0xx_hal_tim.o(.text.TIM_Base_SetConfig)
    __arm_cp.2_2                             0x08002fe8   Number         4  stm32f0xx_hal_tim.o(.text.TIM_Base_SetConfig)
    __arm_cp.2_5                             0x08002fec   Number         4  stm32f0xx_hal_tim.o(.text.TIM_Base_SetConfig)
    TIM_OC1_SetConfig                        0x08002ff1   Thumb Code   120  stm32f0xx_hal_tim.o(.text.TIM_OC1_SetConfig)
    [Anonymous Symbol]                       0x08002ff0   Section        0  stm32f0xx_hal_tim.o(.text.TIM_OC1_SetConfig)
    [Anonymous Symbol]                       0x08003068   Section        0  stm32f0xx_hal_tim.o(.text.TIM_OC2_SetConfig)
    TIM_OC3_SetConfig                        0x080030dd   Thumb Code   116  stm32f0xx_hal_tim.o(.text.TIM_OC3_SetConfig)
    [Anonymous Symbol]                       0x080030dc   Section        0  stm32f0xx_hal_tim.o(.text.TIM_OC3_SetConfig)
    __arm_cp.76_1                            0x08003150   Number         4  stm32f0xx_hal_tim.o(.text.TIM_OC3_SetConfig)
    TIM_OC4_SetConfig                        0x08003155   Thumb Code    92  stm32f0xx_hal_tim.o(.text.TIM_OC4_SetConfig)
    [Anonymous Symbol]                       0x08003154   Section        0  stm32f0xx_hal_tim.o(.text.TIM_OC4_SetConfig)
    __arm_cp.77_0                            0x080031b0   Number         4  stm32f0xx_hal_tim.o(.text.TIM_OC4_SetConfig)
    __arm_cp.77_1                            0x080031b4   Number         4  stm32f0xx_hal_tim.o(.text.TIM_OC4_SetConfig)
    __arm_cp.77_2                            0x080031b8   Number         4  stm32f0xx_hal_tim.o(.text.TIM_OC4_SetConfig)
    [Anonymous Symbol]                       0x080031bc   Section        0  motor.o(.text._ZN5Motor13CalcDceOutputEff)
    __arm_cp.0_0                             0x080032a8   Number         4  motor.o(.text._ZN5Motor13CalcDceOutputEff)
    __arm_cp.0_1                             0x080032ac   Number         4  motor.o(.text._ZN5Motor13CalcDceOutputEff)
    [Anonymous Symbol]                       0x080032b0   Section        0  motor.o(.text._ZN5Motor14SetTorqueLimitEf)
    __arm_cp.2_0                             0x080032e8   Number         4  motor.o(.text._ZN5Motor14SetTorqueLimitEf)
    [Anonymous Symbol]                       0x080032ec   Section        0  motor.o(.text._ZN5Motor6SetPwmEs)
    __arm_cp.1_0                             0x08003328   Number         4  motor.o(.text._ZN5Motor6SetPwmEs)
    __arm_cp.1_1                             0x0800332c   Number         4  motor.o(.text._ZN5Motor6SetPwmEs)
    [Anonymous Symbol]                       0x08003330   Section        0  motor.o(.text._ZN5Motor9SetEnableEb)
    [Anonymous Symbol]                       0x08003336   Section        0  main_1.o(.text._ZN6EEPROM3getI8Config_tEERT_iS3_)
    [Anonymous Symbol]                       0x0800336a   Section        0  main_1.o(.text._ZN6EEPROM3putI8Config_tEERKT_iS4_)
    [Anonymous Symbol]                       0x080033b4   Section        0  random_flash_utils.o(.text.eeprom_buffer_fill)
    [Anonymous Symbol]                       0x080033c4   Section        0  random_flash_utils.o(.text.eeprom_buffer_flush)
    __arm_cp.5_0                             0x08003420   Number         4  random_flash_utils.o(.text.eeprom_buffer_flush)
    __arm_cp.5_1                             0x08003424   Number         4  random_flash_utils.o(.text.eeprom_buffer_flush)
    __arm_cp.5_3                             0x08003428   Number         4  random_flash_utils.o(.text.eeprom_buffer_flush)
    [Anonymous Symbol]                       0x0800342c   Section        0  random_flash_utils.o(.text.eeprom_buffered_read_byte)
    [Anonymous Symbol]                       0x08003434   Section        0  random_flash_utils.o(.text.eeprom_buffered_write_byte)
    __arm_cp.4_0                             0x0800343c   Number         4  random_flash_utils.o(.text.eeprom_buffered_write_byte)
    [Anonymous Symbol]                       0x08003440   Section        0  main.o(.text.main)
    i._fgeq                                  0x0800346a   Section        0  fcmp.o(i._fgeq)
    i._fgr                                   0x08003480   Section        0  fcmp.o(i._fgr)
    x$fpl$fadd                               0x08003498   Section      140  faddsub.o(x$fpl$fadd)
    _fadd1                                   0x080034a5   Thumb Code     0  faddsub.o(x$fpl$fadd)
    x$fpl$fgeqf                              0x08003524   Section       84  fgef.o(x$fpl$fgeqf)
    x$fpl$fmul                               0x08003578   Section      176  fmul.o(x$fpl$fmul)
    x$fpl$fsub                               0x08003628   Section      208  faddsub.o(x$fpl$fsub)
    _fsub1                                   0x08003635   Thumb Code     0  faddsub.o(x$fpl$fsub)
    fdiv_tab                                 0x080036f8   Data          64  fdiv.o(.constdata)
    .constdata                               0x080036f8   Section       64  fdiv.o(.constdata)
    x$fpl$usenofp                            0x080036f8   Section        0  usenofp.o(x$fpl$usenofp)
    [Anonymous Symbol]                       0x08003738   Section        0  stm32f0xx_hal_i2c.o(.rodata..Lswitch.table.I2C_ITSlaveCplt.1)
    eeprom_buffer                            0x20000010   Data        1024  random_flash_utils.o(.bss._ZL13eeprom_buffer)
    [Anonymous Symbol]                       0x20000010   Section        0  random_flash_utils.o(.bss._ZL13eeprom_buffer)
    STACK                                    0x20000640   Section     1024  startup_stm32f030x6.o(STACK)

    Global Symbols

    Symbol Name                              Value     Ov Type        Size  Object(Section)

    BuildAttributes$$THM_ISAv3M$S$PE$A:L22$X:L11$S22$IEEE1$IW$~IW$USESV6$~STKCKD$USESV7$~SHL$OSPACE$ROPI$EBA8$UX$STANDARDLIB$REQ8$PRES8$EABIv2 0x00000000   Number         0  anon$$obj.o ABSOLUTE
    Image$$ZI$$Limit                          - Undefined Weak Reference
    __ARM_exceptions_init                     - Undefined Weak Reference
    __alloca_initialize                       - Undefined Weak Reference
    __arm_preinit_                            - Undefined Weak Reference
    __cpp_initialize__aeabi_                  - Undefined Weak Reference
    __cxa_finalize                            - Undefined Weak Reference
    __rt_locale                               - Undefined Weak Reference
    __sigvec_lookup                           - Undefined Weak Reference
    _atexit_init                              - Undefined Weak Reference
    _call_atexit_fns                          - Undefined Weak Reference
    _clock_init                               - Undefined Weak Reference
    _fp_trap_init                             - Undefined Weak Reference
    _fp_trap_shutdown                         - Undefined Weak Reference
    _get_lc_collate                           - Undefined Weak Reference
    _get_lc_ctype                             - Undefined Weak Reference
    _get_lc_monetary                          - Undefined Weak Reference
    _get_lc_numeric                           - Undefined Weak Reference
    _get_lc_time                              - Undefined Weak Reference
    _getenv_init                              - Undefined Weak Reference
    _handle_redirection                       - Undefined Weak Reference
    _init_alloc                               - Undefined Weak Reference
    _init_user_alloc                          - Undefined Weak Reference
    _initio                                   - Undefined Weak Reference
    _rand_init                                - Undefined Weak Reference
    _signal_finish                            - Undefined Weak Reference
    _signal_init                              - Undefined Weak Reference
    _terminate_alloc                          - Undefined Weak Reference
    _terminate_user_alloc                     - Undefined Weak Reference
    _terminateio                              - Undefined Weak Reference
    __Vectors_Size                           0x000000b0   Number         0  startup_stm32f030x6.o ABSOLUTE
    __Vectors                                0x08000000   Data           4  startup_stm32f030x6.o(RESET)
    __Vectors_End                            0x080000b0   Data           0  startup_stm32f030x6.o(RESET)
    __main                                   0x080000b1   Thumb Code     8  __main.o(!!!main)
    __scatterload                            0x080000b9   Thumb Code     0  __scatter.o(!!!scatter)
    __scatterload_rt2                        0x080000b9   Thumb Code    52  __scatter.o(!!!scatter)
    __scatterload_rt2_thumb_only             0x080000b9   Thumb Code     0  __scatter.o(!!!scatter)
    __scatterload_null                       0x080000c9   Thumb Code     0  __scatter.o(!!!scatter)
    __scatterload_copy                       0x080000f5   Thumb Code    26  __scatter_copy.o(!!handler_copy)
    __scatterload_zeroinit                   0x08000111   Thumb Code    28  __scatter_zi.o(!!handler_zi)
    __rt_lib_init                            0x0800012d   Thumb Code     0  libinit.o(.ARM.Collect$$libinit$$00000000)
    __rt_lib_init_alloca_1                   0x0800012f   Thumb Code     0  libinit2.o(.ARM.Collect$$libinit$$0000002E)
    __rt_lib_init_argv_1                     0x0800012f   Thumb Code     0  libinit2.o(.ARM.Collect$$libinit$$0000002C)
    __rt_lib_init_atexit_1                   0x0800012f   Thumb Code     0  libinit2.o(.ARM.Collect$$libinit$$0000001B)
    __rt_lib_init_clock_1                    0x0800012f   Thumb Code     0  libinit2.o(.ARM.Collect$$libinit$$00000021)
    __rt_lib_init_cpp_1                      0x0800012f   Thumb Code     0  libinit2.o(.ARM.Collect$$libinit$$00000032)
    __rt_lib_init_exceptions_1               0x0800012f   Thumb Code     0  libinit2.o(.ARM.Collect$$libinit$$00000030)
    __rt_lib_init_fp_1                       0x0800012f   Thumb Code     0  libinit2.o(.ARM.Collect$$libinit$$00000002)
    __rt_lib_init_fp_trap_1                  0x0800012f   Thumb Code     0  libinit2.o(.ARM.Collect$$libinit$$0000001F)
    __rt_lib_init_getenv_1                   0x0800012f   Thumb Code     0  libinit2.o(.ARM.Collect$$libinit$$00000023)
    __rt_lib_init_heap_1                     0x0800012f   Thumb Code     0  libinit2.o(.ARM.Collect$$libinit$$0000000A)
    __rt_lib_init_lc_collate_1               0x0800012f   Thumb Code     0  libinit2.o(.ARM.Collect$$libinit$$00000011)
    __rt_lib_init_lc_ctype_1                 0x0800012f   Thumb Code     0  libinit2.o(.ARM.Collect$$libinit$$00000013)
    __rt_lib_init_lc_monetary_1              0x0800012f   Thumb Code     0  libinit2.o(.ARM.Collect$$libinit$$00000015)
    __rt_lib_init_lc_numeric_1               0x0800012f   Thumb Code     0  libinit2.o(.ARM.Collect$$libinit$$00000017)
    __rt_lib_init_lc_time_1                  0x0800012f   Thumb Code     0  libinit2.o(.ARM.Collect$$libinit$$00000019)
    __rt_lib_init_preinit_1                  0x0800012f   Thumb Code     0  libinit2.o(.ARM.Collect$$libinit$$00000004)
    __rt_lib_init_rand_1                     0x0800012f   Thumb Code     0  libinit2.o(.ARM.Collect$$libinit$$0000000E)
    __rt_lib_init_return                     0x0800012f   Thumb Code     0  libinit2.o(.ARM.Collect$$libinit$$00000033)
    __rt_lib_init_signal_1                   0x0800012f   Thumb Code     0  libinit2.o(.ARM.Collect$$libinit$$0000001D)
    __rt_lib_init_stdio_1                    0x0800012f   Thumb Code     0  libinit2.o(.ARM.Collect$$libinit$$00000025)
    __rt_lib_init_user_alloc_1               0x0800012f   Thumb Code     0  libinit2.o(.ARM.Collect$$libinit$$0000000C)
    __rt_lib_shutdown                        0x08000131   Thumb Code     0  libshutdown.o(.ARM.Collect$$libshutdown$$00000000)
    __rt_lib_shutdown_cpp_1                  0x08000133   Thumb Code     0  libshutdown2.o(.ARM.Collect$$libshutdown$$00000002)
    __rt_lib_shutdown_fp_trap_1              0x08000133   Thumb Code     0  libshutdown2.o(.ARM.Collect$$libshutdown$$00000007)
    __rt_lib_shutdown_heap_1                 0x08000133   Thumb Code     0  libshutdown2.o(.ARM.Collect$$libshutdown$$0000000F)
    __rt_lib_shutdown_return                 0x08000133   Thumb Code     0  libshutdown2.o(.ARM.Collect$$libshutdown$$00000010)
    __rt_lib_shutdown_signal_1               0x08000133   Thumb Code     0  libshutdown2.o(.ARM.Collect$$libshutdown$$0000000A)
    __rt_lib_shutdown_stdio_1                0x08000133   Thumb Code     0  libshutdown2.o(.ARM.Collect$$libshutdown$$00000004)
    __rt_lib_shutdown_user_alloc_1           0x08000133   Thumb Code     0  libshutdown2.o(.ARM.Collect$$libshutdown$$0000000C)
    __rt_entry                               0x08000135   Thumb Code     0  __rtentry.o(.ARM.Collect$$rtentry$$00000000)
    __rt_entry_presh_1                       0x08000135   Thumb Code     0  __rtentry2.o(.ARM.Collect$$rtentry$$00000002)
    __rt_entry_sh                            0x08000135   Thumb Code     0  __rtentry5.o(.ARM.Collect$$rtentry$$00000005)
    __rt_entry_li                            0x08000139   Thumb Code     0  __rtentry2.o(.ARM.Collect$$rtentry$$0000000A)
    __rt_entry_postsh_1                      0x08000139   Thumb Code     0  __rtentry2.o(.ARM.Collect$$rtentry$$00000009)
    __rt_entry_main                          0x0800013d   Thumb Code     0  __rtentry2.o(.ARM.Collect$$rtentry$$0000000D)
    __rt_entry_postli_1                      0x0800013d   Thumb Code     0  __rtentry2.o(.ARM.Collect$$rtentry$$0000000C)
    __rt_exit                                0x08000149   Thumb Code     0  rtexit.o(.ARM.Collect$$rtexit$$00000000)
    __rt_exit_ls                             0x0800014b   Thumb Code     0  rtexit2.o(.ARM.Collect$$rtexit$$00000003)
    __rt_exit_prels_1                        0x0800014b   Thumb Code     0  rtexit2.o(.ARM.Collect$$rtexit$$00000002)
    __rt_exit_exit                           0x0800014f   Thumb Code     0  rtexit2.o(.ARM.Collect$$rtexit$$00000004)
    __aeabi_memcpy4                          0x08000155   Thumb Code    56  rt_memcpy.o(.emb_text)
    __aeabi_memcpy8                          0x08000155   Thumb Code     0  rt_memcpy.o(.emb_text)
    Reset_Handler                            0x0800018d   Thumb Code     8  startup_stm32f030x6.o(.text)
    DMA1_Channel2_3_IRQHandler               0x0800019f   Thumb Code     0  startup_stm32f030x6.o(.text)
    DMA1_Channel4_5_IRQHandler               0x0800019f   Thumb Code     0  startup_stm32f030x6.o(.text)
    EXTI0_1_IRQHandler                       0x0800019f   Thumb Code     0  startup_stm32f030x6.o(.text)
    EXTI2_3_IRQHandler                       0x0800019f   Thumb Code     0  startup_stm32f030x6.o(.text)
    EXTI4_15_IRQHandler                      0x0800019f   Thumb Code     0  startup_stm32f030x6.o(.text)
    FLASH_IRQHandler                         0x0800019f   Thumb Code     0  startup_stm32f030x6.o(.text)
    RCC_IRQHandler                           0x0800019f   Thumb Code     0  startup_stm32f030x6.o(.text)
    RTC_IRQHandler                           0x0800019f   Thumb Code     0  startup_stm32f030x6.o(.text)
    SPI1_IRQHandler                          0x0800019f   Thumb Code     0  startup_stm32f030x6.o(.text)
    TIM16_IRQHandler                         0x0800019f   Thumb Code     0  startup_stm32f030x6.o(.text)
    TIM17_IRQHandler                         0x0800019f   Thumb Code     0  startup_stm32f030x6.o(.text)
    TIM1_BRK_UP_TRG_COM_IRQHandler           0x0800019f   Thumb Code     0  startup_stm32f030x6.o(.text)
    TIM1_CC_IRQHandler                       0x0800019f   Thumb Code     0  startup_stm32f030x6.o(.text)
    TIM3_IRQHandler                          0x0800019f   Thumb Code     0  startup_stm32f030x6.o(.text)
    USART1_IRQHandler                        0x0800019f   Thumb Code     0  startup_stm32f030x6.o(.text)
    WWDG_IRQHandler                          0x0800019f   Thumb Code     0  startup_stm32f030x6.o(.text)
    __aeabi_llsr                             0x080001a9   Thumb Code    34  llushr.o(.text)
    _ll_ushift_r                             0x080001a9   Thumb Code     0  llushr.o(.text)
    _memset_w                                0x080001cb   Thumb Code    26  rt_memclr.o(.text)
    _memset                                  0x080001e5   Thumb Code    30  rt_memclr.o(.text)
    __aeabi_memclr                           0x08000203   Thumb Code     4  rt_memclr.o(.text)
    __rt_memclr                              0x08000203   Thumb Code     0  rt_memclr.o(.text)
    __aeabi_memclr4                          0x08000207   Thumb Code     0  rt_memclr.o(.text)
    __aeabi_memclr8                          0x08000207   Thumb Code     0  rt_memclr.o(.text)
    __rt_memclr_w                            0x08000207   Thumb Code     4  rt_memclr.o(.text)
    __aeabi_uidiv                            0x0800020d   Thumb Code     0  aeabi_sdiv.o(.text)
    __aeabi_uidivmod                         0x0800020d   Thumb Code    20  aeabi_sdiv.o(.text)
    __aeabi_idiv                             0x08000221   Thumb Code     0  aeabi_sdiv.o(.text)
    __aeabi_idivmod                          0x08000221   Thumb Code   338  aeabi_sdiv.o(.text)
    __aeabi_fdiv                             0x08000379   Thumb Code     0  fdiv.o(.text)
    _fdiv                                    0x08000379   Thumb Code   334  fdiv.o(.text)
    _frdiv                                   0x080004c7   Thumb Code     8  fdiv.o(.text)
    __aeabi_f2iz                             0x080004d9   Thumb Code     0  ffixi.o(.text)
    _ffix                                    0x080004d9   Thumb Code    76  ffixi.o(.text)
    __aeabi_i2f_normalise                    0x08000525   Thumb Code    72  fflti.o(.text)
    __aeabi_i2f                              0x0800056d   Thumb Code    16  fflti.o(.text)
    _fflt                                    0x0800056d   Thumb Code     0  fflti.o(.text)
    __aeabi_ui2f                             0x0800057d   Thumb Code     6  fflti.o(.text)
    _ffltu                                   0x0800057d   Thumb Code     0  fflti.o(.text)
    __fpl_fcmp_InfNaN                        0x08000585   Thumb Code    96  fcmpin.o(.text)
    exit                                     0x080005e9   Thumb Code    16  exit.o(.text)
    __fpl_cmpreturn                          0x080005f9   Thumb Code    46  cmpret.o(.text)
    __fpl_fcheck_NaN2                        0x08000629   Thumb Code    10  fnan2.o(.text)
    __fpl_return_NaN                         0x08000639   Thumb Code    94  retnan.o(.text)
    _sys_exit                                0x08000699   Thumb Code     8  sys_exit.o(.text)
    __I$use$semihosting                      0x080006a5   Thumb Code     0  use_no_semi.o(.text)
    __use_no_semihosting_swi                 0x080006a5   Thumb Code     2  use_no_semi.o(.text)
    __semihosting_library_function           0x080006a7   Thumb Code     0  indicate_semi.o(.text)
    ADC1_IRQHandler                          0x080006a9   Thumb Code    12  stm32f0xx_it.o(.text.ADC1_IRQHandler)
    DMA1_Channel1_IRQHandler                 0x080007d9   Thumb Code    12  stm32f0xx_it.o(.text.DMA1_Channel1_IRQHandler)
    Error_Handler                            0x080007e9   Thumb Code     8  main.o(.text.Error_Handler)
    FLASH_WaitForLastOperation               0x08000829   Thumb Code    96  stm32f0xx_hal_flash.o(.text.FLASH_WaitForLastOperation)
    HAL_ADC_ConfigChannel                    0x0800088d   Thumb Code   236  stm32f0xx_hal_adc.o(.text.HAL_ADC_ConfigChannel)
    HAL_ADC_ConvCpltCallback                 0x08000991   Thumb Code     2  main_1.o(.text.HAL_ADC_ConvCpltCallback)
    HAL_ADC_ConvHalfCpltCallback             0x08000993   Thumb Code     2  stm32f0xx_hal_adc.o(.text.HAL_ADC_ConvHalfCpltCallback)
    HAL_ADC_ErrorCallback                    0x08000995   Thumb Code     2  stm32f0xx_hal_adc.o(.text.HAL_ADC_ErrorCallback)
    HAL_ADC_IRQHandler                       0x08000997   Thumb Code   206  stm32f0xx_hal_adc.o(.text.HAL_ADC_IRQHandler)
    HAL_ADC_Init                             0x08000a65   Thumb Code   328  stm32f0xx_hal_adc.o(.text.HAL_ADC_Init)
    HAL_ADC_LevelOutOfWindowCallback         0x08000bb5   Thumb Code     2  stm32f0xx_hal_adc.o(.text.HAL_ADC_LevelOutOfWindowCallback)
    HAL_ADC_MspInit                          0x08000bb9   Thumb Code   144  adc.o(.text.HAL_ADC_MspInit)
    HAL_ADC_Start_DMA                        0x08000c59   Thumb Code   136  stm32f0xx_hal_adc.o(.text.HAL_ADC_Start_DMA)
    HAL_DMA_Abort_IT                         0x08000cf1   Thumb Code    68  stm32f0xx_hal_dma.o(.text.HAL_DMA_Abort_IT)
    HAL_DMA_GetState                         0x08000d35   Thumb Code     6  stm32f0xx_hal_dma.o(.text.HAL_DMA_GetState)
    HAL_DMA_IRQHandler                       0x08000d3b   Thumb Code   150  stm32f0xx_hal_dma.o(.text.HAL_DMA_IRQHandler)
    HAL_DMA_Init                             0x08000dd1   Thumb Code   108  stm32f0xx_hal_dma.o(.text.HAL_DMA_Init)
    HAL_DMA_Start_IT                         0x08000e49   Thumb Code   128  stm32f0xx_hal_dma.o(.text.HAL_DMA_Start_IT)
    HAL_Delay                                0x08000ec9   Thumb Code    32  stm32f0xx_hal.o(.text.HAL_Delay)
    HAL_FLASHEx_Erase                        0x08000eed   Thumb Code   192  stm32f0xx_hal_flash_ex.o(.text.HAL_FLASHEx_Erase)
    HAL_FLASH_Lock                           0x08000fad   Thumb Code    16  stm32f0xx_hal_flash.o(.text.HAL_FLASH_Lock)
    HAL_FLASH_Program                        0x08000fbd   Thumb Code   128  stm32f0xx_hal_flash.o(.text.HAL_FLASH_Program)
    HAL_FLASH_Unlock                         0x08001049   Thumb Code    28  stm32f0xx_hal_flash.o(.text.HAL_FLASH_Unlock)
    HAL_GPIO_Init                            0x08001071   Thumb Code   436  stm32f0xx_hal_gpio.o(.text.HAL_GPIO_Init)
    HAL_GetTick                              0x0800123d   Thumb Code     8  stm32f0xx_hal.o(.text.HAL_GetTick)
    HAL_I2CEx_ConfigAnalogFilter             0x08001249   Thumb Code    68  stm32f0xx_hal_i2c_ex.o(.text.HAL_I2CEx_ConfigAnalogFilter)
    HAL_I2CEx_ConfigDigitalFilter            0x0800128d   Thumb Code    68  stm32f0xx_hal_i2c_ex.o(.text.HAL_I2CEx_ConfigDigitalFilter)
    HAL_I2C_AbortCpltCallback                0x080012d1   Thumb Code     2  stm32f0xx_hal_i2c.o(.text.HAL_I2C_AbortCpltCallback)
    HAL_I2C_AddrCallback                     0x080012d3   Thumb Code     2  stm32f0xx_hal_i2c.o(.text.HAL_I2C_AddrCallback)
    HAL_I2C_ER_IRQHandler                    0x080012d5   Thumb Code    90  stm32f0xx_hal_i2c.o(.text.HAL_I2C_ER_IRQHandler)
    HAL_I2C_EV_IRQHandler                    0x0800132f   Thumb Code    18  stm32f0xx_hal_i2c.o(.text.HAL_I2C_EV_IRQHandler)
    HAL_I2C_ErrorCallback                    0x08001341   Thumb Code     2  stm32f0xx_hal_i2c.o(.text.HAL_I2C_ErrorCallback)
    HAL_I2C_Init                             0x08001345   Thumb Code   156  stm32f0xx_hal_i2c.o(.text.HAL_I2C_Init)
    HAL_I2C_ListenCpltCallback               0x080013e9   Thumb Code     2  stm32f0xx_hal_i2c.o(.text.HAL_I2C_ListenCpltCallback)
    HAL_I2C_MspInit                          0x080013ed   Thumb Code   100  i2c.o(.text.HAL_I2C_MspInit)
    HAL_I2C_SlaveRxCpltCallback              0x08001459   Thumb Code   280  main_1.o(.text.HAL_I2C_SlaveRxCpltCallback)
    HAL_I2C_SlaveTxCpltCallback              0x08001589   Thumb Code     2  stm32f0xx_hal_i2c.o(.text.HAL_I2C_SlaveTxCpltCallback)
    HAL_I2C_Slave_Receive_IT                 0x0800158d   Thumb Code    76  stm32f0xx_hal_i2c.o(.text.HAL_I2C_Slave_Receive_IT)
    HAL_I2C_Slave_Transmit                   0x080015e1   Thumb Code   342  stm32f0xx_hal_i2c.o(.text.HAL_I2C_Slave_Transmit)
    HAL_IncTick                              0x08001739   Thumb Code    16  stm32f0xx_hal.o(.text.HAL_IncTick)
    HAL_Init                                 0x0800174d   Thumb Code    28  stm32f0xx_hal.o(.text.HAL_Init)
    HAL_InitTick                             0x08001769   Thumb Code    60  stm32f0xx_hal.o(.text.HAL_InitTick)
    HAL_MspInit                              0x080017a9   Thumb Code    40  stm32f0xx_hal_msp.o(.text.HAL_MspInit)
    HAL_NVIC_EnableIRQ                       0x080017d5   Thumb Code    20  stm32f0xx_hal_cortex.o(.text.HAL_NVIC_EnableIRQ)
    HAL_NVIC_SetPriority                     0x080017ed   Thumb Code    56  stm32f0xx_hal_cortex.o(.text.HAL_NVIC_SetPriority)
    HAL_NVIC_SystemReset                     0x0800182d   Thumb Code    20  stm32f0xx_hal_cortex.o(.text.HAL_NVIC_SystemReset)
    HAL_RCCEx_PeriphCLKConfig                0x08001849   Thumb Code   236  stm32f0xx_hal_rcc_ex.o(.text.HAL_RCCEx_PeriphCLKConfig)
    HAL_RCC_ClockConfig                      0x08001941   Thumb Code   252  stm32f0xx_hal_rcc.o(.text.HAL_RCC_ClockConfig)
    HAL_RCC_DeInit                           0x08001a45   Thumb Code   152  stm32f0xx_hal_rcc.o(.text.HAL_RCC_DeInit)
    HAL_RCC_GetSysClockFreq                  0x08001af5   Thumb Code    56  stm32f0xx_hal_rcc.o(.text.HAL_RCC_GetSysClockFreq)
    HAL_RCC_OscConfig                        0x08001b59   Thumb Code   964  stm32f0xx_hal_rcc.o(.text.HAL_RCC_OscConfig)
    HAL_SYSTICK_Config                       0x08001f29   Thumb Code    40  stm32f0xx_hal_cortex.o(.text.HAL_SYSTICK_Config)
    HAL_TIMEx_BreakCallback                  0x08001f5d   Thumb Code     2  stm32f0xx_hal_tim_ex.o(.text.HAL_TIMEx_BreakCallback)
    HAL_TIMEx_CommutCallback                 0x08001f5f   Thumb Code     2  stm32f0xx_hal_tim_ex.o(.text.HAL_TIMEx_CommutCallback)
    HAL_TIMEx_MasterConfigSynchronization    0x08001f61   Thumb Code    72  stm32f0xx_hal_tim_ex.o(.text.HAL_TIMEx_MasterConfigSynchronization)
    HAL_TIM_Base_Init                        0x08001fa9   Thumb Code    70  stm32f0xx_hal_tim.o(.text.HAL_TIM_Base_Init)
    HAL_TIM_Base_MspInit                     0x08001ff1   Thumb Code    56  tim.o(.text.HAL_TIM_Base_MspInit)
    HAL_TIM_Base_Start_IT                    0x0800202d   Thumb Code    72  stm32f0xx_hal_tim.o(.text.HAL_TIM_Base_Start_IT)
    HAL_TIM_IC_CaptureCallback               0x08002079   Thumb Code     2  stm32f0xx_hal_tim.o(.text.HAL_TIM_IC_CaptureCallback)
    HAL_TIM_IRQHandler                       0x0800207b   Thumb Code   328  stm32f0xx_hal_tim.o(.text.HAL_TIM_IRQHandler)
    HAL_TIM_MspPostInit                      0x080021c5   Thumb Code    64  tim.o(.text.HAL_TIM_MspPostInit)
    HAL_TIM_OC_DelayElapsedCallback          0x08002209   Thumb Code     2  stm32f0xx_hal_tim.o(.text.HAL_TIM_OC_DelayElapsedCallback)
    HAL_TIM_PWM_ConfigChannel                0x0800220d   Thumb Code   192  stm32f0xx_hal_tim.o(.text.HAL_TIM_PWM_ConfigChannel)
    HAL_TIM_PWM_Init                         0x080022cd   Thumb Code    70  stm32f0xx_hal_tim.o(.text.HAL_TIM_PWM_Init)
    HAL_TIM_PWM_MspInit                      0x08002315   Thumb Code    32  tim.o(.text.HAL_TIM_PWM_MspInit)
    HAL_TIM_PWM_PulseFinishedCallback        0x0800233d   Thumb Code     2  stm32f0xx_hal_tim.o(.text.HAL_TIM_PWM_PulseFinishedCallback)
    HAL_TIM_PWM_Start                        0x08002341   Thumb Code   168  stm32f0xx_hal_tim.o(.text.HAL_TIM_PWM_Start)
    HAL_TIM_PeriodElapsedCallback            0x080023fd   Thumb Code     2  main_1.o(.text.HAL_TIM_PeriodElapsedCallback)
    HAL_TIM_TriggerCallback                  0x080023ff   Thumb Code     2  stm32f0xx_hal_tim.o(.text.HAL_TIM_TriggerCallback)
    HardFault_Handler                        0x08002401   Thumb Code     2  stm32f0xx_it.o(.text.HardFault_Handler)
    I2C1_IRQHandler                          0x08002405   Thumb Code    32  stm32f0xx_it.o(.text.I2C1_IRQHandler)
    MX_ADC_Init                              0x08002b25   Thumb Code    84  adc.o(.text.MX_ADC_Init)
    MX_DMA_Init                              0x08002b7d   Thumb Code    44  dma.o(.text.MX_DMA_Init)
    MX_GPIO_Init                             0x08002ba9   Thumb Code    28  gpio.o(.text.MX_GPIO_Init)
    MX_I2C1_Init                             0x08002bc9   Thumb Code    80  i2c.o(.text.MX_I2C1_Init)
    MX_TIM14_Init                            0x08002c19   Thumb Code    40  tim.o(.text.MX_TIM14_Init)
    MX_TIM3_Init                             0x08002c45   Thumb Code   120  tim.o(.text.MX_TIM3_Init)
    MY_I2C1_Init                             0x08002cc1   Thumb Code    80  i2c.o(.text.MY_I2C1_Init)
    Main                                     0x08002d19   Thumb Code   368  main_1.o(.text.Main)
    NMI_Handler                              0x08002ec1   Thumb Code     2  stm32f0xx_it.o(.text.NMI_Handler)
    PendSV_Handler                           0x08002ec3   Thumb Code     2  stm32f0xx_it.o(.text.PendSV_Handler)
    SVC_Handler                              0x08002ec5   Thumb Code     2  stm32f0xx_it.o(.text.SVC_Handler)
    SysTick_Handler                          0x08002ec7   Thumb Code     8  stm32f0xx_it.o(.text.SysTick_Handler)
    SystemClock_Config                       0x08002ecf   Thumb Code   138  main.o(.text.SystemClock_Config)
    SystemInit                               0x08002f59   Thumb Code     2  system_stm32f0xx.o(.text.SystemInit)
    TIM14_IRQHandler                         0x08002f5d   Thumb Code    12  stm32f0xx_it.o(.text.TIM14_IRQHandler)
    TIM_Base_SetConfig                       0x08002f6d   Thumb Code   120  stm32f0xx_hal_tim.o(.text.TIM_Base_SetConfig)
    TIM_OC2_SetConfig                        0x08003069   Thumb Code   116  stm32f0xx_hal_tim.o(.text.TIM_OC2_SetConfig)
    Motor::CalcDceOutput(float, float)       0x080031bd   Thumb Code   236  motor.o(.text._ZN5Motor13CalcDceOutputEff)
    Motor::SetTorqueLimit(float)             0x080032b1   Thumb Code    56  motor.o(.text._ZN5Motor14SetTorqueLimitEf)
    Motor::SetPwm(short)                     0x080032ed   Thumb Code    60  motor.o(.text._ZN5Motor6SetPwmEs)
    Motor::SetEnable(bool)                   0x08003331   Thumb Code     6  motor.o(.text._ZN5Motor9SetEnableEb)
    Config_t& EEPROM::get<Config_t>(int, Config_t&) 0x08003337   Thumb Code    52  main_1.o(.text._ZN6EEPROM3getI8Config_tEERT_iS3_)
    Config_t const& EEPROM::put<Config_t>(int, Config_t const&) 0x0800336b   Thumb Code    74  main_1.o(.text._ZN6EEPROM3putI8Config_tEERKT_iS4_)
    eeprom_buffer_fill                       0x080033b5   Thumb Code    16  random_flash_utils.o(.text.eeprom_buffer_fill)
    eeprom_buffer_flush                      0x080033c5   Thumb Code    92  random_flash_utils.o(.text.eeprom_buffer_flush)
    eeprom_buffered_read_byte                0x0800342d   Thumb Code     8  random_flash_utils.o(.text.eeprom_buffered_read_byte)
    eeprom_buffered_write_byte               0x08003435   Thumb Code     8  random_flash_utils.o(.text.eeprom_buffered_write_byte)
    main                                     0x08003441   Thumb Code    42  main.o(.text.main)
    __aeabi_fcmpge                           0x0800346b   Thumb Code     0  fcmp.o(i._fgeq)
    _fgeq                                    0x0800346b   Thumb Code    22  fcmp.o(i._fgeq)
    __aeabi_fcmpgt                           0x08003481   Thumb Code     0  fcmp.o(i._fgr)
    _fgr                                     0x08003481   Thumb Code    22  fcmp.o(i._fgr)
    __aeabi_fadd                             0x08003499   Thumb Code     0  faddsub.o(x$fpl$fadd)
    _fadd                                    0x08003499   Thumb Code   134  faddsub.o(x$fpl$fadd)
    _fcmpge                                  0x08003525   Thumb Code    78  fgef.o(x$fpl$fgeqf)
    __aeabi_fmul                             0x08003579   Thumb Code     0  fmul.o(x$fpl$fmul)
    _fmul                                    0x08003579   Thumb Code   172  fmul.o(x$fpl$fmul)
    __aeabi_fsub                             0x08003629   Thumb Code     0  faddsub.o(x$fpl$fsub)
    _fsub                                    0x08003629   Thumb Code   204  faddsub.o(x$fpl$fsub)
    __I$use$fp                               0x080036f8   Number         0  usenofp.o(x$fpl$usenofp)
    AHBPrescTable                            0x08003760   Data          16  system_stm32f0xx.o(.rodata.AHBPrescTable)
    Region$$Table$$Base                      0x08003770   Number         0  anon$$obj.o(Region$$Table)
    Region$$Table$$Limit                     0x08003790   Number         0  anon$$obj.o(Region$$Table)
    SystemCoreClock                          0x20000000   Data           4  system_stm32f0xx.o(.data.SystemCoreClock)
    uwTickFreq                               0x20000004   Data           1  stm32f0xx_hal.o(.data.uwTickFreq)
    uwTickPrio                               0x20000008   Data           4  stm32f0xx_hal.o(.data.uwTickPrio)
    adcData                                  0x20000410   Data          16  adc.o(.bss.adcData)
    boardConfig                              0x20000420   Data          48  main_1.o(.bss.boardConfig)
    hadc                                     0x20000450   Data          64  adc.o(.bss.hadc)
    hdma_adc                                 0x20000490   Data          68  adc.o(.bss.hdma_adc)
    hi2c1                                    0x200004d4   Data          76  i2c.o(.bss.hi2c1)
    htim14                                   0x20000520   Data          72  tim.o(.bss.htim14)
    htim3                                    0x20000568   Data          72  tim.o(.bss.htim3)
    i2cDataRx                                0x200005b0   Data           8  i2c.o(.bss.i2cDataRx)
    i2cDataTx                                0x200005b8   Data           8  i2c.o(.bss.i2cDataTx)
    motor                                    0x200005c0   Data          84  main_1.o(.bss.motor)
    pFlash                                   0x20000618   Data          32  stm32f0xx_hal_flash.o(.bss.pFlash)
    uwTick                                   0x20000638   Data           4  stm32f0xx_hal.o(.bss.uwTick)
    __initial_sp                             0x20000a40   Data           0  startup_stm32f030x6.o(STACK)



==============================================================================

Memory Map of the image

  Image Entry point : 0x080000b1

  Load Region LR_IROM1 (Base: 0x08000000, Size: 0x000037a0, Max: 0x00004000, ABSOLUTE)

    Execution Region ER_IROM1 (Exec base: 0x08000000, Load base: 0x08000000, Size: 0x00003790, Max: 0x00004000, ABSOLUTE)

    Exec Addr    Load Addr    Size         Type   Attr      Idx    E Section Name        Object

    0x08000000   0x08000000   0x000000b0   Data   RO            3    RESET               startup_stm32f030x6.o
    0x080000b0   0x080000b0   0x00000008   Code   RO         1105  * !!!main             c_p.l(__main.o)
    0x080000b8   0x080000b8   0x0000003c   Code   RO         1335    !!!scatter          c_p.l(__scatter.o)
    0x080000f4   0x080000f4   0x0000001a   Code   RO         1337    !!handler_copy      c_p.l(__scatter_copy.o)
    0x0800010e   0x0800010e   0x00000002   PAD
    0x08000110   0x08000110   0x0000001c   Code   RO         1339    !!handler_zi        c_p.l(__scatter_zi.o)
    0x0800012c   0x0800012c   0x00000002   Code   RO         1184    .ARM.Collect$$libinit$$00000000  c_p.l(libinit.o)
    0x0800012e   0x0800012e   0x00000000   Code   RO         1206    .ARM.Collect$$libinit$$00000002  c_p.l(libinit2.o)
    0x0800012e   0x0800012e   0x00000000   Code   RO         1208    .ARM.Collect$$libinit$$00000004  c_p.l(libinit2.o)
    0x0800012e   0x0800012e   0x00000000   Code   RO         1211    .ARM.Collect$$libinit$$0000000A  c_p.l(libinit2.o)
    0x0800012e   0x0800012e   0x00000000   Code   RO         1213    .ARM.Collect$$libinit$$0000000C  c_p.l(libinit2.o)
    0x0800012e   0x0800012e   0x00000000   Code   RO         1215    .ARM.Collect$$libinit$$0000000E  c_p.l(libinit2.o)
    0x0800012e   0x0800012e   0x00000000   Code   RO         1218    .ARM.Collect$$libinit$$00000011  c_p.l(libinit2.o)
    0x0800012e   0x0800012e   0x00000000   Code   RO         1220    .ARM.Collect$$libinit$$00000013  c_p.l(libinit2.o)
    0x0800012e   0x0800012e   0x00000000   Code   RO         1222    .ARM.Collect$$libinit$$00000015  c_p.l(libinit2.o)
    0x0800012e   0x0800012e   0x00000000   Code   RO         1224    .ARM.Collect$$libinit$$00000017  c_p.l(libinit2.o)
    0x0800012e   0x0800012e   0x00000000   Code   RO         1226    .ARM.Collect$$libinit$$00000019  c_p.l(libinit2.o)
    0x0800012e   0x0800012e   0x00000000   Code   RO         1228    .ARM.Collect$$libinit$$0000001B  c_p.l(libinit2.o)
    0x0800012e   0x0800012e   0x00000000   Code   RO         1230    .ARM.Collect$$libinit$$0000001D  c_p.l(libinit2.o)
    0x0800012e   0x0800012e   0x00000000   Code   RO         1232    .ARM.Collect$$libinit$$0000001F  c_p.l(libinit2.o)
    0x0800012e   0x0800012e   0x00000000   Code   RO         1234    .ARM.Collect$$libinit$$00000021  c_p.l(libinit2.o)
    0x0800012e   0x0800012e   0x00000000   Code   RO         1236    .ARM.Collect$$libinit$$00000023  c_p.l(libinit2.o)
    0x0800012e   0x0800012e   0x00000000   Code   RO         1238    .ARM.Collect$$libinit$$00000025  c_p.l(libinit2.o)
    0x0800012e   0x0800012e   0x00000000   Code   RO         1242    .ARM.Collect$$libinit$$0000002C  c_p.l(libinit2.o)
    0x0800012e   0x0800012e   0x00000000   Code   RO         1244    .ARM.Collect$$libinit$$0000002E  c_p.l(libinit2.o)
    0x0800012e   0x0800012e   0x00000000   Code   RO         1246    .ARM.Collect$$libinit$$00000030  c_p.l(libinit2.o)
    0x0800012e   0x0800012e   0x00000000   Code   RO         1248    .ARM.Collect$$libinit$$00000032  c_p.l(libinit2.o)
    0x0800012e   0x0800012e   0x00000002   Code   RO         1249    .ARM.Collect$$libinit$$00000033  c_p.l(libinit2.o)
    0x08000130   0x08000130   0x00000002   Code   RO         1290    .ARM.Collect$$libshutdown$$00000000  c_p.l(libshutdown.o)
    0x08000132   0x08000132   0x00000000   Code   RO         1318    .ARM.Collect$$libshutdown$$00000002  c_p.l(libshutdown2.o)
    0x08000132   0x08000132   0x00000000   Code   RO         1320    .ARM.Collect$$libshutdown$$00000004  c_p.l(libshutdown2.o)
    0x08000132   0x08000132   0x00000000   Code   RO         1323    .ARM.Collect$$libshutdown$$00000007  c_p.l(libshutdown2.o)
    0x08000132   0x08000132   0x00000000   Code   RO         1326    .ARM.Collect$$libshutdown$$0000000A  c_p.l(libshutdown2.o)
    0x08000132   0x08000132   0x00000000   Code   RO         1328    .ARM.Collect$$libshutdown$$0000000C  c_p.l(libshutdown2.o)
    0x08000132   0x08000132   0x00000000   Code   RO         1331    .ARM.Collect$$libshutdown$$0000000F  c_p.l(libshutdown2.o)
    0x08000132   0x08000132   0x00000002   Code   RO         1332    .ARM.Collect$$libshutdown$$00000010  c_p.l(libshutdown2.o)
    0x08000134   0x08000134   0x00000000   Code   RO         1134    .ARM.Collect$$rtentry$$00000000  c_p.l(__rtentry.o)
    0x08000134   0x08000134   0x00000000   Code   RO         1147    .ARM.Collect$$rtentry$$00000002  c_p.l(__rtentry2.o)
    0x08000134   0x08000134   0x00000004   Code   RO         1161    .ARM.Collect$$rtentry$$00000005  c_p.l(__rtentry5.o)
    0x08000138   0x08000138   0x00000000   Code   RO         1149    .ARM.Collect$$rtentry$$00000009  c_p.l(__rtentry2.o)
    0x08000138   0x08000138   0x00000004   Code   RO         1150    .ARM.Collect$$rtentry$$0000000A  c_p.l(__rtentry2.o)
    0x0800013c   0x0800013c   0x00000000   Code   RO         1152    .ARM.Collect$$rtentry$$0000000C  c_p.l(__rtentry2.o)
    0x0800013c   0x0800013c   0x00000008   Code   RO         1153    .ARM.Collect$$rtentry$$0000000D  c_p.l(__rtentry2.o)
    0x08000144   0x08000144   0x00000004   Code   RO         1162    .ARM.Collect$$rtentry$$00002716  c_p.l(__rtentry5.o)
    0x08000148   0x08000148   0x00000002   Code   RO         1197    .ARM.Collect$$rtexit$$00000000  c_p.l(rtexit.o)
    0x0800014a   0x0800014a   0x00000000   Code   RO         1264    .ARM.Collect$$rtexit$$00000002  c_p.l(rtexit2.o)
    0x0800014a   0x0800014a   0x00000004   Code   RO         1265    .ARM.Collect$$rtexit$$00000003  c_p.l(rtexit2.o)
    0x0800014e   0x0800014e   0x00000006   Code   RO         1266    .ARM.Collect$$rtexit$$00000004  c_p.l(rtexit2.o)
    0x08000154   0x08000154   0x00000038   Code   RO         1095    .emb_text           c_p.l(rt_memcpy.o)
    0x0800018c   0x0800018c   0x0000001c   Code   RO            4    .text               startup_stm32f030x6.o
    0x080001a8   0x080001a8   0x00000022   Code   RO         1093    .text               c_p.l(llushr.o)
    0x080001ca   0x080001ca   0x00000040   Code   RO         1099    .text               c_p.l(rt_memclr.o)
    0x0800020a   0x0800020a   0x00000002   PAD
    0x0800020c   0x0800020c   0x0000016c   Code   RO         1101    .text               c_p.l(aeabi_sdiv.o)
    0x08000378   0x08000378   0x00000160   Code   RO         1125    .text               fz_ps.l(fdiv.o)
    0x080004d8   0x080004d8   0x0000004c   Code   RO         1128    .text               fz_ps.l(ffixi.o)
    0x08000524   0x08000524   0x0000005e   Code   RO         1130    .text               fz_ps.l(fflti.o)
    0x08000582   0x08000582   0x00000002   PAD
    0x08000584   0x08000584   0x00000064   Code   RO         1168    .text               fz_ps.l(fcmpin.o)
    0x080005e8   0x080005e8   0x00000010   Code   RO         1173    .text               c_p.l(exit.o)
    0x080005f8   0x080005f8   0x0000002e   Code   RO         1185    .text               fz_ps.l(cmpret.o)
    0x08000626   0x08000626   0x00000002   PAD
    0x08000628   0x08000628   0x00000010   Code   RO         1187    .text               fz_ps.l(fnan2.o)
    0x08000638   0x08000638   0x0000005e   Code   RO         1254    .text               fz_ps.l(retnan.o)
    0x08000696   0x08000696   0x00000002   PAD
    0x08000698   0x08000698   0x0000000c   Code   RO         1256    .text               c_p.l(sys_exit.o)
    0x080006a4   0x080006a4   0x00000002   Code   RO         1260    .text               c_p.l(use_no_semi.o)
    0x080006a6   0x080006a6   0x00000000   Code   RO         1262    .text               c_p.l(indicate_semi.o)
    0x080006a6   0x080006a6   0x00000002   PAD
    0x080006a8   0x080006a8   0x00000010   Code   RO          113    .text.ADC1_IRQHandler  stm32f0xx_it.o
    0x080006b8   0x080006b8   0x00000068   Code   RO          162    .text.ADC_DMAConvCplt  stm32f0xx_hal_adc.o
    0x08000720   0x08000720   0x0000001a   Code   RO          166    .text.ADC_DMAError  stm32f0xx_hal_adc.o
    0x0800073a   0x0800073a   0x0000000a   Code   RO          164    .text.ADC_DMAHalfConvCplt  stm32f0xx_hal_adc.o
    0x08000744   0x08000744   0x00000094   Code   RO          148    .text.ADC_Enable    stm32f0xx_hal_adc.o
    0x080007d8   0x080007d8   0x00000010   Code   RO          111    .text.DMA1_Channel1_IRQHandler  stm32f0xx_it.o
    0x080007e8   0x080007e8   0x00000008   Code   RO           15    .text.Error_Handler  main.o
    0x080007f0   0x080007f0   0x00000038   Code   RO          614    .text.FLASH_SetErrorCode  stm32f0xx_hal_flash.o
    0x08000828   0x08000828   0x00000064   Code   RO          608    .text.FLASH_WaitForLastOperation  stm32f0xx_hal_flash.o
    0x0800088c   0x0800088c   0x00000104   Code   RO          182    .text.HAL_ADC_ConfigChannel  stm32f0xx_hal_adc.o
    0x08000990   0x08000990   0x00000002   Code   RO         1072    .text.HAL_ADC_ConvCpltCallback  main_1.o
    0x08000992   0x08000992   0x00000002   Code   RO          180    .text.HAL_ADC_ConvHalfCpltCallback  stm32f0xx_hal_adc.o
    0x08000994   0x08000994   0x00000002   Code   RO          178    .text.HAL_ADC_ErrorCallback  stm32f0xx_hal_adc.o
    0x08000996   0x08000996   0x000000ce   Code   RO          172    .text.HAL_ADC_IRQHandler  stm32f0xx_hal_adc.o
    0x08000a64   0x08000a64   0x00000150   Code   RO          134    .text.HAL_ADC_Init  stm32f0xx_hal_adc.o
    0x08000bb4   0x08000bb4   0x00000002   Code   RO          176    .text.HAL_ADC_LevelOutOfWindowCallback  stm32f0xx_hal_adc.o
    0x08000bb6   0x08000bb6   0x00000002   PAD
    0x08000bb8   0x08000bb8   0x000000a0   Code   RO           35    .text.HAL_ADC_MspInit  adc.o
    0x08000c58   0x08000c58   0x00000098   Code   RO          160    .text.HAL_ADC_Start_DMA  stm32f0xx_hal_adc.o
    0x08000cf0   0x08000cf0   0x00000044   Code   RO          519    .text.HAL_DMA_Abort_IT  stm32f0xx_hal_dma.o
    0x08000d34   0x08000d34   0x00000006   Code   RO          529    .text.HAL_DMA_GetState  stm32f0xx_hal_dma.o
    0x08000d3a   0x08000d3a   0x00000096   Code   RO          523    .text.HAL_DMA_IRQHandler  stm32f0xx_hal_dma.o
    0x08000dd0   0x08000dd0   0x00000078   Code   RO          509    .text.HAL_DMA_Init  stm32f0xx_hal_dma.o
    0x08000e48   0x08000e48   0x00000080   Code   RO          515    .text.HAL_DMA_Start_IT  stm32f0xx_hal_dma.o
    0x08000ec8   0x08000ec8   0x00000024   Code   RO          275    .text.HAL_Delay     stm32f0xx_hal.o
    0x08000eec   0x08000eec   0x000000c0   Code   RO          641    .text.HAL_FLASHEx_Erase  stm32f0xx_hal_flash_ex.o
    0x08000fac   0x08000fac   0x00000010   Code   RO          622    .text.HAL_FLASH_Lock  stm32f0xx_hal_flash.o
    0x08000fbc   0x08000fbc   0x0000008c   Code   RO          606    .text.HAL_FLASH_Program  stm32f0xx_hal_flash.o
    0x08001048   0x08001048   0x00000028   Code   RO          620    .text.HAL_FLASH_Unlock  stm32f0xx_hal_flash.o
    0x08001070   0x08001070   0x000001cc   Code   RO          485    .text.HAL_GPIO_Init  stm32f0xx_hal_gpio.o
    0x0800123c   0x0800123c   0x0000000c   Code   RO          267    .text.HAL_GetTick   stm32f0xx_hal.o
    0x08001248   0x08001248   0x00000044   Code   RO          469    .text.HAL_I2CEx_ConfigAnalogFilter  stm32f0xx_hal_i2c_ex.o
    0x0800128c   0x0800128c   0x00000044   Code   RO          471    .text.HAL_I2CEx_ConfigDigitalFilter  stm32f0xx_hal_i2c_ex.o
    0x080012d0   0x080012d0   0x00000002   Code   RO          436    .text.HAL_I2C_AbortCpltCallback  stm32f0xx_hal_i2c.o
    0x080012d2   0x080012d2   0x00000002   Code   RO          426    .text.HAL_I2C_AddrCallback  stm32f0xx_hal_i2c.o
    0x080012d4   0x080012d4   0x0000005a   Code   RO          414    .text.HAL_I2C_ER_IRQHandler  stm32f0xx_hal_i2c.o
    0x0800132e   0x0800132e   0x00000012   Code   RO          412    .text.HAL_I2C_EV_IRQHandler  stm32f0xx_hal_i2c.o
    0x08001340   0x08001340   0x00000002   Code   RO          434    .text.HAL_I2C_ErrorCallback  stm32f0xx_hal_i2c.o
    0x08001342   0x08001342   0x00000002   PAD
    0x08001344   0x08001344   0x000000a4   Code   RO          312    .text.HAL_I2C_Init  stm32f0xx_hal_i2c.o
    0x080013e8   0x080013e8   0x00000002   Code   RO          428    .text.HAL_I2C_ListenCpltCallback  stm32f0xx_hal_i2c.o
    0x080013ea   0x080013ea   0x00000002   PAD
    0x080013ec   0x080013ec   0x0000006c   Code   RO           60    .text.HAL_I2C_MspInit  i2c.o
    0x08001458   0x08001458   0x00000130   Code   RO         1074    .text.HAL_I2C_SlaveRxCpltCallback  main_1.o
    0x08001588   0x08001588   0x00000002   Code   RO          422    .text.HAL_I2C_SlaveTxCpltCallback  stm32f0xx_hal_i2c.o
    0x0800158a   0x0800158a   0x00000002   PAD
    0x0800158c   0x0800158c   0x00000054   Code   RO          346    .text.HAL_I2C_Slave_Receive_IT  stm32f0xx_hal_i2c.o
    0x080015e0   0x080015e0   0x00000156   Code   RO          332    .text.HAL_I2C_Slave_Transmit  stm32f0xx_hal_i2c.o
    0x08001736   0x08001736   0x00000002   PAD
    0x08001738   0x08001738   0x00000014   Code   RO          265    .text.HAL_IncTick   stm32f0xx_hal.o
    0x0800174c   0x0800174c   0x0000001c   Code   RO          255    .text.HAL_Init      stm32f0xx_hal.o
    0x08001768   0x08001768   0x00000040   Code   RO          257    .text.HAL_InitTick  stm32f0xx_hal.o
    0x080017a8   0x080017a8   0x0000002c   Code   RO          126    .text.HAL_MspInit   stm32f0xx_hal_msp.o
    0x080017d4   0x080017d4   0x00000018   Code   RO          543    .text.HAL_NVIC_EnableIRQ  stm32f0xx_hal_cortex.o
    0x080017ec   0x080017ec   0x00000040   Code   RO          541    .text.HAL_NVIC_SetPriority  stm32f0xx_hal_cortex.o
    0x0800182c   0x0800182c   0x0000001c   Code   RO          547    .text.HAL_NVIC_SystemReset  stm32f0xx_hal_cortex.o
    0x08001848   0x08001848   0x000000f8   Code   RO          241    .text.HAL_RCCEx_PeriphCLKConfig  stm32f0xx_hal_rcc_ex.o
    0x08001940   0x08001940   0x00000104   Code   RO          211    .text.HAL_RCC_ClockConfig  stm32f0xx_hal_rcc.o
    0x08001a44   0x08001a44   0x000000b0   Code   RO          207    .text.HAL_RCC_DeInit  stm32f0xx_hal_rcc.o
    0x08001af4   0x08001af4   0x00000064   Code   RO          213    .text.HAL_RCC_GetSysClockFreq  stm32f0xx_hal_rcc.o
    0x08001b58   0x08001b58   0x000003d0   Code   RO          209    .text.HAL_RCC_OscConfig  stm32f0xx_hal_rcc.o
    0x08001f28   0x08001f28   0x00000034   Code   RO          549    .text.HAL_SYSTICK_Config  stm32f0xx_hal_cortex.o
    0x08001f5c   0x08001f5c   0x00000002   Code   RO         1002    .text.HAL_TIMEx_BreakCallback  stm32f0xx_hal_tim_ex.o
    0x08001f5e   0x08001f5e   0x00000002   Code   RO          998    .text.HAL_TIMEx_CommutCallback  stm32f0xx_hal_tim_ex.o
    0x08001f60   0x08001f60   0x00000048   Code   RO          992    .text.HAL_TIMEx_MasterConfigSynchronization  stm32f0xx_hal_tim_ex.o
    0x08001fa8   0x08001fa8   0x00000046   Code   RO          691    .text.HAL_TIM_Base_Init  stm32f0xx_hal_tim.o
    0x08001fee   0x08001fee   0x00000002   PAD
    0x08001ff0   0x08001ff0   0x0000003c   Code   RO           85    .text.HAL_TIM_Base_MspInit  tim.o
    0x0800202c   0x0800202c   0x0000004c   Code   RO          705    .text.HAL_TIM_Base_Start_IT  stm32f0xx_hal_tim.o
    0x08002078   0x08002078   0x00000002   Code   RO          827    .text.HAL_TIM_IC_CaptureCallback  stm32f0xx_hal_tim.o
    0x0800207a   0x0800207a   0x00000148   Code   RO          825    .text.HAL_TIM_IRQHandler  stm32f0xx_hal_tim.o
    0x080021c2   0x080021c2   0x00000002   PAD
    0x080021c4   0x080021c4   0x00000044   Code   RO           79    .text.HAL_TIM_MspPostInit  tim.o
    0x08002208   0x08002208   0x00000002   Code   RO          829    .text.HAL_TIM_OC_DelayElapsedCallback  stm32f0xx_hal_tim.o
    0x0800220a   0x0800220a   0x00000002   PAD
    0x0800220c   0x0800220c   0x000000c0   Code   RO          851    .text.HAL_TIM_PWM_ConfigChannel  stm32f0xx_hal_tim.o
    0x080022cc   0x080022cc   0x00000046   Code   RO          745    .text.HAL_TIM_PWM_Init  stm32f0xx_hal_tim.o
    0x08002312   0x08002312   0x00000002   PAD
    0x08002314   0x08002314   0x00000028   Code   RO           83    .text.HAL_TIM_PWM_MspInit  tim.o
    0x0800233c   0x0800233c   0x00000002   Code   RO          831    .text.HAL_TIM_PWM_PulseFinishedCallback  stm32f0xx_hal_tim.o
    0x0800233e   0x0800233e   0x00000002   PAD
    0x08002340   0x08002340   0x000000bc   Code   RO          753    .text.HAL_TIM_PWM_Start  stm32f0xx_hal_tim.o
    0x080023fc   0x080023fc   0x00000002   Code   RO         1076    .text.HAL_TIM_PeriodElapsedCallback  main_1.o
    0x080023fe   0x080023fe   0x00000002   Code   RO          835    .text.HAL_TIM_TriggerCallback  stm32f0xx_hal_tim.o
    0x08002400   0x08002400   0x00000002   Code   RO          103    .text.HardFault_Handler  stm32f0xx_it.o
    0x08002402   0x08002402   0x00000002   PAD
    0x08002404   0x08002404   0x00000024   Code   RO          117    .text.I2C1_IRQHandler  stm32f0xx_it.o
    0x08002428   0x08002428   0x0000001e   Code   RO          398    .text.I2C_DMAAbort  stm32f0xx_hal_i2c.o
    0x08002446   0x08002446   0x00000002   PAD
    0x08002448   0x08002448   0x0000009c   Code   RO          454    .text.I2C_ITAddrCplt  stm32f0xx_hal_i2c.o
    0x080024e4   0x080024e4   0x000000f4   Code   RO          416    .text.I2C_ITError   stm32f0xx_hal_i2c.o
    0x080025d8   0x080025d8   0x00000060   Code   RO          450    .text.I2C_ITListenCplt  stm32f0xx_hal_i2c.o
    0x08002638   0x08002638   0x00000160   Code   RO          448    .text.I2C_ITSlaveCplt  stm32f0xx_hal_i2c.o
    0x08002798   0x08002798   0x00000084   Code   RO          452    .text.I2C_ITSlaveSeqCplt  stm32f0xx_hal_i2c.o
    0x0800281c   0x0800281c   0x00000098   Code   RO          458    .text.I2C_IsAcknowledgeFailed  stm32f0xx_hal_i2c.o
    0x080028b4   0x080028b4   0x00000128   Code   RO          344    .text.I2C_Slave_ISR_IT  stm32f0xx_hal_i2c.o
    0x080029dc   0x080029dc   0x0000002a   Code   RO          456    .text.I2C_TreatErrorCallback  stm32f0xx_hal_i2c.o
    0x08002a06   0x08002a06   0x0000006a   Code   RO          322    .text.I2C_WaitOnFlagUntilTimeout  stm32f0xx_hal_i2c.o
    0x08002a70   0x08002a70   0x00000050   Code   RO          326    .text.I2C_WaitOnSTOPFlagUntilTimeout  stm32f0xx_hal_i2c.o
    0x08002ac0   0x08002ac0   0x00000062   Code   RO          324    .text.I2C_WaitOnTXISFlagUntilTimeout  stm32f0xx_hal_i2c.o
    0x08002b22   0x08002b22   0x00000002   PAD
    0x08002b24   0x08002b24   0x00000058   Code   RO           33    .text.MX_ADC_Init   adc.o
    0x08002b7c   0x08002b7c   0x0000002c   Code   RO           50    .text.MX_DMA_Init   dma.o
    0x08002ba8   0x08002ba8   0x00000020   Code   RO           25    .text.MX_GPIO_Init  gpio.o
    0x08002bc8   0x08002bc8   0x00000050   Code   RO           58    .text.MX_I2C1_Init  i2c.o
    0x08002c18   0x08002c18   0x0000002c   Code   RO           81    .text.MX_TIM14_Init  tim.o
    0x08002c44   0x08002c44   0x0000007c   Code   RO           77    .text.MX_TIM3_Init  tim.o
    0x08002cc0   0x08002cc0   0x00000058   Code   RO           64    .text.MY_I2C1_Init  i2c.o
    0x08002d18   0x08002d18   0x000001a8   Code   RO         1070    .text.Main          main_1.o
    0x08002ec0   0x08002ec0   0x00000002   Code   RO          101    .text.NMI_Handler   stm32f0xx_it.o
    0x08002ec2   0x08002ec2   0x00000002   Code   RO          107    .text.PendSV_Handler  stm32f0xx_it.o
    0x08002ec4   0x08002ec4   0x00000002   Code   RO          105    .text.SVC_Handler   stm32f0xx_it.o
    0x08002ec6   0x08002ec6   0x00000008   Code   RO          109    .text.SysTick_Handler  stm32f0xx_it.o
    0x08002ece   0x08002ece   0x0000008a   Code   RO           13    .text.SystemClock_Config  main.o
    0x08002f58   0x08002f58   0x00000002   Code   RO         1016    .text.SystemInit    system_stm32f0xx.o
    0x08002f5a   0x08002f5a   0x00000002   PAD
    0x08002f5c   0x08002f5c   0x00000010   Code   RO          115    .text.TIM14_IRQHandler  stm32f0xx_it.o
    0x08002f6c   0x08002f6c   0x00000084   Code   RO          695    .text.TIM_Base_SetConfig  stm32f0xx_hal_tim.o
    0x08002ff0   0x08002ff0   0x00000078   Code   RO          839    .text.TIM_OC1_SetConfig  stm32f0xx_hal_tim.o
    0x08003068   0x08003068   0x00000074   Code   RO          841    .text.TIM_OC2_SetConfig  stm32f0xx_hal_tim.o
    0x080030dc   0x080030dc   0x00000078   Code   RO          843    .text.TIM_OC3_SetConfig  stm32f0xx_hal_tim.o
    0x08003154   0x08003154   0x00000068   Code   RO          845    .text.TIM_OC4_SetConfig  stm32f0xx_hal_tim.o
    0x080031bc   0x080031bc   0x000000f4   Code   RO         1031    .text._ZN5Motor13CalcDceOutputEff  motor.o
    0x080032b0   0x080032b0   0x0000003c   Code   RO         1035    .text._ZN5Motor14SetTorqueLimitEf  motor.o
    0x080032ec   0x080032ec   0x00000044   Code   RO         1033    .text._ZN5Motor6SetPwmEs  motor.o
    0x08003330   0x08003330   0x00000006   Code   RO         1039    .text._ZN5Motor9SetEnableEb  motor.o
    0x08003336   0x08003336   0x00000034   Code   RO         1087    .text._ZN6EEPROM3getI8Config_tEERT_iS3_  main_1.o
    0x0800336a   0x0800336a   0x0000004a   Code   RO         1089    .text._ZN6EEPROM3putI8Config_tEERKT_iS4_  main_1.o
    0x080033b4   0x080033b4   0x00000010   Code   RO         1051    .text.eeprom_buffer_fill  random_flash_utils.o
    0x080033c4   0x080033c4   0x00000068   Code   RO         1059    .text.eeprom_buffer_flush  random_flash_utils.o
    0x0800342c   0x0800342c   0x00000008   Code   RO         1053    .text.eeprom_buffered_read_byte  random_flash_utils.o
    0x08003434   0x08003434   0x0000000c   Code   RO         1057    .text.eeprom_buffered_write_byte  random_flash_utils.o
    0x08003440   0x08003440   0x0000002a   Code   RO           11    .text.main          main.o
    0x0800346a   0x0800346a   0x00000016   Code   RO         1114    i._fgeq             fz_ps.l(fcmp.o)
    0x08003480   0x08003480   0x00000016   Code   RO         1115    i._fgr              fz_ps.l(fcmp.o)
    0x08003496   0x08003496   0x00000002   PAD
    0x08003498   0x08003498   0x0000008c   Code   RO         1107    x$fpl$fadd          fz_ps.l(faddsub.o)
    0x08003524   0x08003524   0x00000054   Code   RO         1141    x$fpl$fgeqf         fz_ps.l(fgef.o)
    0x08003578   0x08003578   0x000000b0   Code   RO         1132    x$fpl$fmul          fz_ps.l(fmul.o)
    0x08003628   0x08003628   0x000000d0   Code   RO         1109    x$fpl$fsub          fz_ps.l(faddsub.o)
    0x080036f8   0x080036f8   0x00000000   Code   RO         1145    x$fpl$usenofp       fz_ps.l(usenofp.o)
    0x080036f8   0x080036f8   0x00000040   Data   RO         1126    .constdata          fz_ps.l(fdiv.o)
    0x08003738   0x08003738   0x00000028   Data   RO          460    .rodata..Lswitch.table.I2C_ITSlaveCplt.1  stm32f0xx_hal_i2c.o
    0x08003760   0x08003760   0x00000010   Data   RO         1021    .rodata.AHBPrescTable  system_stm32f0xx.o
    0x08003770   0x08003770   0x00000020   Data   RO         1334    Region$$Table       anon$$obj.o


    Execution Region RW_IRAM1 (Exec base: 0x20000000, Load base: 0x08003790, Size: 0x00000a40, Max: 0x00001000, ABSOLUTE)

    Exec Addr    Load Addr    Size         Type   Attr      Idx    E Section Name        Object

    0x20000000   0x08003790   0x00000004   Data   RW         1020    .data.SystemCoreClock  system_stm32f0xx.o
    0x20000004   0x08003794   0x00000001   Data   RW          302    .data.uwTickFreq    stm32f0xx_hal.o
    0x20000005   0x08003795   0x00000003   PAD
    0x20000008   0x08003798   0x00000004   Data   RW          301    .data.uwTickPrio    stm32f0xx_hal.o
    0x2000000c   0x0800379c   0x00000004   PAD
    0x20000010        -       0x00000400   Zero   RW         1061    .bss._ZL13eeprom_buffer  random_flash_utils.o
    0x20000410        -       0x00000010   Zero   RW           41    .bss.adcData        adc.o
    0x20000420        -       0x00000030   Zero   RW         1079    .bss.boardConfig    main_1.o
    0x20000450        -       0x00000040   Zero   RW           39    .bss.hadc           adc.o
    0x20000490        -       0x00000044   Zero   RW           40    .bss.hdma_adc       adc.o
    0x200004d4        -       0x0000004c   Zero   RW           66    .bss.hi2c1          i2c.o
    0x20000520        -       0x00000048   Zero   RW           92    .bss.htim14         tim.o
    0x20000568        -       0x00000048   Zero   RW           91    .bss.htim3          tim.o
    0x200005b0        -       0x00000008   Zero   RW           67    .bss.i2cDataRx      i2c.o
    0x200005b8        -       0x00000008   Zero   RW           68    .bss.i2cDataTx      i2c.o
    0x200005c0        -       0x00000054   Zero   RW         1078    .bss.motor          main_1.o
    0x20000614   0x0800379c   0x00000004   PAD
    0x20000618        -       0x00000020   Zero   RW          632    .bss.pFlash         stm32f0xx_hal_flash.o
    0x20000638        -       0x00000004   Zero   RW          303    .bss.uwTick         stm32f0xx_hal.o
    0x2000063c   0x0800379c   0x00000004   PAD
    0x20000640        -       0x00000400   Zero   RW            1    STACK               startup_stm32f030x6.o


==============================================================================

Image component sizes


      Code (inc. data)   RO Data    RW Data    ZI Data      Debug   Object Name

       248         20          0          0        148       4972   adc.o
        44          0          0          0          0       1530   dma.o
        32          4          0          0          0        990   gpio.o
       276         16          0          0         92       5517   i2c.o
       188          0          0          0          0       2020   main.o
       858         88          0          0        132      12221   main_1.o
       378         20          0          0          0       4636   motor.o
       140         16          0          0       1024       6421   random_flash_utils.o
        28          8        176          0       1024        612   startup_stm32f030x6.o
       160         16          0          5          4       5229   stm32f0xx_hal.o
      1248         52          0          0          0      11796   stm32f0xx_hal_adc.o
       168         32          0          0          0       5425   stm32f0xx_hal_cortex.o
       472         12          0          0          0       7512   stm32f0xx_hal_dma.o
       352         32          0          0         32       5186   stm32f0xx_hal_flash.o
       192          0          0          0          0       6035   stm32f0xx_hal_flash_ex.o
       460         24          0          0          0       4962   stm32f0xx_hal_gpio.o
      2492        100         40          0          0      48937   stm32f0xx_hal_i2c.o
       136          0          0          0          0       4863   stm32f0xx_hal_i2c_ex.o
        44          4          0          0          0       1043   stm32f0xx_hal_msp.o
      1512         88          0          0          0       7149   stm32f0xx_hal_rcc.o
       248         12          0          0          0       3071   stm32f0xx_hal_rcc_ex.o
      1524         56          0          0          0      51971   stm32f0xx_hal_tim.o
        76          0          0          0          0      21286   stm32f0xx_hal_tim_ex.o
       100         16          0          0          0       2599   stm32f0xx_it.o
         2          0         16          4          0       1828   system_stm32f0xx.o
       336         24          0          0        144       6502   tim.o

    ----------------------------------------------------------------------
     11742        640        264         12       2612     234313   Object Totals
         0          0         32          0          0          0   (incl. Generated)
        28          0          0          3         12          0   (incl. Padding)

    ----------------------------------------------------------------------

      Code (inc. data)   RO Data    RW Data    ZI Data      Debug   Library Member Name

         8          0          0          0          0         68   __main.o
         0          0          0          0          0          0   __rtentry.o
        12          0          0          0          0          0   __rtentry2.o
         8          4          0          0          0          0   __rtentry5.o
        60          8          0          0          0          0   __scatter.o
        26          0          0          0          0          0   __scatter_copy.o
        28          0          0          0          0          0   __scatter_zi.o
       364          4          0          0          0         92   aeabi_sdiv.o
        16          0          0          0          0         68   exit.o
         0          0          0          0          0          0   indicate_semi.o
         2          0          0          0          0          0   libinit.o
         2          0          0          0          0          0   libinit2.o
         2          0          0          0          0          0   libshutdown.o
         2          0          0          0          0          0   libshutdown2.o
        34          0          0          0          0         68   llushr.o
        64          0          0          0          0        108   rt_memclr.o
        56          0          0          0          0         68   rt_memcpy.o
         2          0          0          0          0          0   rtexit.o
        10          0          0          0          0          0   rtexit2.o
        12          4          0          0          0         60   sys_exit.o
         2          0          0          0          0         68   use_no_semi.o
        46          0          0          0          0         60   cmpret.o
       348          8          0          0          0        160   faddsub.o
        44          0          0          0          0        136   fcmp.o
       100          4          0          0          0         68   fcmpin.o
       352         10         64          0          0         92   fdiv.o
        76          0          0          0          0         68   ffixi.o
        94          0          0          0          0         92   fflti.o
        84          4          0          0          0         76   fgef.o
       176          4          0          0          0         80   fmul.o
        16          6          0          0          0         68   fnan2.o
        94          0          0          0          0         68   retnan.o
         0          0          0          0          0          0   usenofp.o

    ----------------------------------------------------------------------
      2154         56         64          0          0       1568   Library Totals
        14          0          0          0          0          0   (incl. Padding)

    ----------------------------------------------------------------------

      Code (inc. data)   RO Data    RW Data    ZI Data      Debug   Library Name

       710         20          0          0          0        600   c_p.l
      1430         36         64          0          0        968   fz_ps.l

    ----------------------------------------------------------------------
      2154         56         64          0          0       1568   Library Totals

    ----------------------------------------------------------------------

==============================================================================


      Code (inc. data)   RO Data    RW Data    ZI Data      Debug   

     13896        696        328         12       2612     234661   Grand Totals
     13896        696        328         12       2612     234661   ELF Image Totals
     13896        696        328         12          0          0   ROM Totals

==============================================================================

    Total RO  Size (Code + RO Data)                14224 (  13.89kB)
    Total RW  Size (RW Data + ZI Data)              2624 (   2.56kB)
    Total ROM Size (Code + RO Data + RW Data)      14236 (  13.90kB)

==============================================================================

