<html>
<body>
<pre>
<h1>µVision Build Log</h1>
<h2>Tool Versions:</h2>
IDE-Version: ¦ÌVision V5.36.0.0
Copyright (C) 2021 ARM Ltd and ARM Germany GmbH. All rights reserved.
License Information: zbr rb, rtt, LIC=47GU5-GTGED-NNBAF-63CK3-5KID1-7GBPS
 
Tool Versions:
Toolchain:       MDK-ARM Plus  Version: 5.36.0.0
Toolchain Path:  D:\softwoare\tools_work\mdk\Keil_v5\ARM\ARMCLANG\Bin
C Compiler:      ArmClang.exe V6.16
Assembler:       Armasm.exe V6.16
Linker/Locator:  ArmLink.exe V6.16
Library Manager: ArmAr.exe V6.16
Hex Converter:   FromElf.exe V6.16
CPU DLL:         SARMCM3.DLL V5.36.0.0
Dialog DLL:      DARMCM1.DLL V1.19.4.0
Target DLL:      STLink\ST-LINKIII-KEIL_SWO.dll V3.0.9.0
Dialog DLL:      TARMCM1.DLL V1.14.4.0
 
<h2>Project:</h2>
D:\workspace_rb\ATom-Bot\2.Fimeware\ServoDrive-fw-f030\MDK-ARM\ServoDrive-f030f4p6.uvprojx
Project File Date:  03/19/2023

<h2>Output:</h2>
*** Using Compiler 'V6.16', folder: 'D:\softwoare\tools_work\mdk\Keil_v5\ARM\ARMCLANG\Bin'
Build target 'ServoDrive-f030f4p6'
Note: source file '..\UserApp\main.cpp' - object file renamed from 'ServoDrive-f030f4p6\main.o' to 'ServoDrive-f030f4p6\main_1.o'.
compiling main.cpp...
linking...
Program Size: Code=13896 RO-data=328 RW-data=12 ZI-data=2612  
FromELF: creating hex file...
"ServoDrive-f030f4p6\ServoDrive-f030f4p6.axf" - 0 Error(s), 0 Warning(s).

<h2>Software Packages used:</h2>

Package Vendor: ARM
                http://www.keil.com/pack/ARM.CMSIS.5.8.0.pack
                ARM.CMSIS.5.8.0
                CMSIS (Common Microcontroller Software Interface Standard)
   * Component: CORE Version: 5.5.0

Package Vendor: Keil
                http://www.keil.com/pack/Keil.STM32F0xx_DFP.2.1.0.pack
                Keil.STM32F0xx_DFP.2.1.0
                STMicroelectronics STM32F0 Series Device Support, Drivers and Examples

<h2>Collection of Component include folders:</h2>
  .\RTE\_ServoDrive-f030f4p6
  D:\softwoare\tools_work\mdk\Arm\Packs\ARM\CMSIS\5.8.0\CMSIS\Core\Include
  D:\softwoare\tools_work\mdk\Arm\Packs\Keil\STM32F0xx_DFP\2.1.0\Drivers\CMSIS\Device\ST\STM32F0xx\Include

<h2>Collection of Component Files used:</h2>

   * Component: ARM::CMSIS:CORE:5.5.0
      Include file:  CMSIS\Core\Include\tz_context.h
Build Time Elapsed:  00:00:01
</pre>
</body>
</html>
